<?xml version="1.0"?>
<link_info>
   <banner>TI ARM Linker PC v5.2.4</banner>
   <copyright>Copyright (c) 1996-2015 Texas Instruments Incorporated</copyright>
   <link_time>0x5551214d</link_time>
   <link_errors>0x0</link_errors>
   <output_file>Oscilloscope.out</output_file>
   <entry_point>
      <name>_c_int00</name>
      <address>0x136d9</address>
   </entry_point>
   <input_file_list>
      <input_file id="fl-2">
         <path>.\</path>
         <kind>object</kind>
         <file>main.obj</file>
         <name>main.obj</name>
      </input_file>
      <input_file id="fl-3">
         <path>.\</path>
         <kind>object</kind>
         <file>rose.obj</file>
         <name>rose.obj</name>
      </input_file>
      <input_file id="fl-4">
         <path>.\</path>
         <kind>object</kind>
         <file>ti.obj</file>
         <name>ti.obj</name>
      </input_file>
      <input_file id="fl-5">
         <path>.\</path>
         <kind>object</kind>
         <file>tm4c1294ncpdt_startup_ccs.obj</file>
         <name>tm4c1294ncpdt_startup_ccs.obj</name>
      </input_file>
      <input_file id="fl-6">
         <path>.\utils\</path>
         <kind>object</kind>
         <file>ustdlib.obj</file>
         <name>ustdlib.obj</name>
      </input_file>
      <input_file id="fl-7">
         <path>.\drivers\</path>
         <kind>object</kind>
         <file>Kentec320x240x16_ssd2119_8bit.obj</file>
         <name>Kentec320x240x16_ssd2119_8bit.obj</name>
      </input_file>
      <input_file id="fl-8">
         <path>.\drivers\</path>
         <kind>object</kind>
         <file>touch.obj</file>
         <name>touch.obj</name>
      </input_file>
      <input_file id="fl-130">
         <path>C:\ti\ccsv6\tools\compiler\ti-cgt-arm_5.2.4\lib\</path>
         <kind>archive</kind>
         <file>rtsv7M4_T_le_v4SPD16_eabi.lib</file>
         <name>boot.obj</name>
      </input_file>
      <input_file id="fl-131">
         <path>C:\ti\ccsv6\tools\compiler\ti-cgt-arm_5.2.4\lib\</path>
         <kind>archive</kind>
         <file>rtsv7M4_T_le_v4SPD16_eabi.lib</file>
         <name>copy_decompress_none.obj</name>
      </input_file>
      <input_file id="fl-132">
         <path>C:\ti\ccsv6\tools\compiler\ti-cgt-arm_5.2.4\lib\</path>
         <kind>archive</kind>
         <file>rtsv7M4_T_le_v4SPD16_eabi.lib</file>
         <name>copy_decompress_rle.obj</name>
      </input_file>
      <input_file id="fl-133">
         <path>C:\ti\ccsv6\tools\compiler\ti-cgt-arm_5.2.4\lib\</path>
         <kind>archive</kind>
         <file>rtsv7M4_T_le_v4SPD16_eabi.lib</file>
         <name>copy_zero_init.obj</name>
      </input_file>
      <input_file id="fl-134">
         <path>C:\ti\ccsv6\tools\compiler\ti-cgt-arm_5.2.4\lib\</path>
         <kind>archive</kind>
         <file>rtsv7M4_T_le_v4SPD16_eabi.lib</file>
         <name>exit.obj</name>
      </input_file>
      <input_file id="fl-135">
         <path>C:\ti\ccsv6\tools\compiler\ti-cgt-arm_5.2.4\lib\</path>
         <kind>archive</kind>
         <file>rtsv7M4_T_le_v4SPD16_eabi.lib</file>
         <name>fd_cmp_t2.obj</name>
      </input_file>
      <input_file id="fl-136">
         <path>C:\ti\ccsv6\tools\compiler\ti-cgt-arm_5.2.4\lib\</path>
         <kind>archive</kind>
         <file>rtsv7M4_T_le_v4SPD16_eabi.lib</file>
         <name>fd_mul_t2.obj</name>
      </input_file>
      <input_file id="fl-137">
         <path>C:\ti\ccsv6\tools\compiler\ti-cgt-arm_5.2.4\lib\</path>
         <kind>archive</kind>
         <file>rtsv7M4_T_le_v4SPD16_eabi.lib</file>
         <name>fs_tod_t2.obj</name>
      </input_file>
      <input_file id="fl-138">
         <path>C:\ti\ccsv6\tools\compiler\ti-cgt-arm_5.2.4\lib\</path>
         <kind>archive</kind>
         <file>rtsv7M4_T_le_v4SPD16_eabi.lib</file>
         <name>memcpy_t2.obj</name>
      </input_file>
      <input_file id="fl-139">
         <path>C:\ti\ccsv6\tools\compiler\ti-cgt-arm_5.2.4\lib\</path>
         <kind>archive</kind>
         <file>rtsv7M4_T_le_v4SPD16_eabi.lib</file>
         <name>memset_t2.obj</name>
      </input_file>
      <input_file id="fl-13a">
         <path>C:\ti\ccsv6\tools\compiler\ti-cgt-arm_5.2.4\lib\</path>
         <kind>archive</kind>
         <file>rtsv7M4_T_le_v4SPD16_eabi.lib</file>
         <name>pre_init.obj</name>
      </input_file>
      <input_file id="fl-13b">
         <path>C:\ti\ccsv6\tools\compiler\ti-cgt-arm_5.2.4\lib\</path>
         <kind>archive</kind>
         <file>rtsv7M4_T_le_v4SPD16_eabi.lib</file>
         <name>stkdepth_vars.obj</name>
      </input_file>
      <input_file id="fl-13c">
         <path>C:\ti\ccsv6\tools\compiler\ti-cgt-arm_5.2.4\lib\</path>
         <kind>archive</kind>
         <file>rtsv7M4_T_le_v4SPD16_eabi.lib</file>
         <name>u_divt2.obj</name>
      </input_file>
      <input_file id="fl-13d">
         <path>C:\ti\ccsv6\tools\compiler\ti-cgt-arm_5.2.4\lib\</path>
         <kind>archive</kind>
         <file>rtsv7M4_T_le_v4SPD16_eabi.lib</file>
         <name>u_tofd_t2.obj</name>
      </input_file>
      <input_file id="fl-13e">
         <path>C:\ti\ccsv6\tools\compiler\ti-cgt-arm_5.2.4\lib\</path>
         <kind>archive</kind>
         <file>rtsv7M4_T_le_v4SPD16_eabi.lib</file>
         <name>ull_div_t2.obj</name>
      </input_file>
      <input_file id="fl-13f">
         <path>C:\ti\ccsv6\tools\compiler\ti-cgt-arm_5.2.4\lib\</path>
         <kind>archive</kind>
         <file>rtsv7M4_T_le_v4SPD16_eabi.lib</file>
         <name>_lock.obj</name>
      </input_file>
      <input_file id="fl-140">
         <path>C:\ti\ccsv6\tools\compiler\ti-cgt-arm_5.2.4\lib\</path>
         <kind>archive</kind>
         <file>rtsv7M4_T_le_v4SPD16_eabi.lib</file>
         <name>args_main.obj</name>
      </input_file>
      <input_file id="fl-141">
         <path>C:\ti\ccsv6\tools\compiler\ti-cgt-arm_5.2.4\lib\</path>
         <kind>archive</kind>
         <file>rtsv7M4_T_le_v4SPD16_eabi.lib</file>
         <name>autoinit.obj</name>
      </input_file>
      <input_file id="fl-142">
         <path>C:\ti\ccsv6\tools\compiler\ti-cgt-arm_5.2.4\lib\</path>
         <kind>archive</kind>
         <file>rtsv7M4_T_le_v4SPD16_eabi.lib</file>
         <name>cpy_tbl.obj</name>
      </input_file>
      <input_file id="fl-143">
         <path>C:\ti\ccsv6\tools\compiler\ti-cgt-arm_5.2.4\lib\</path>
         <kind>archive</kind>
         <file>rtsv7M4_T_le_v4SPD16_eabi.lib</file>
         <name>i_div0.obj</name>
      </input_file>
      <input_file id="fl-144">
         <path>C:\ti\TivaWare_C_Series-2.1.0.12573\examples\boards\ek-tm4c1294xl-boostxl-kentec-l35\grlib_demo\ccs\..\..\..\..\..\driverlib\ccs\Debug\</path>
         <kind>archive</kind>
         <file>driverlib.lib</file>
         <name>udma.obj</name>
      </input_file>
      <input_file id="fl-145">
         <path>C:\ti\TivaWare_C_Series-2.1.0.12573\examples\boards\ek-tm4c1294xl-boostxl-kentec-l35\grlib_demo\ccs\..\..\..\..\..\driverlib\ccs\Debug\</path>
         <kind>archive</kind>
         <file>driverlib.lib</file>
         <name>timer.obj</name>
      </input_file>
      <input_file id="fl-146">
         <path>C:\ti\TivaWare_C_Series-2.1.0.12573\examples\boards\ek-tm4c1294xl-boostxl-kentec-l35\grlib_demo\ccs\..\..\..\..\..\driverlib\ccs\Debug\</path>
         <kind>archive</kind>
         <file>driverlib.lib</file>
         <name>sysctl.obj</name>
      </input_file>
      <input_file id="fl-147">
         <path>C:\ti\TivaWare_C_Series-2.1.0.12573\examples\boards\ek-tm4c1294xl-boostxl-kentec-l35\grlib_demo\ccs\..\..\..\..\..\driverlib\ccs\Debug\</path>
         <kind>archive</kind>
         <file>driverlib.lib</file>
         <name>pwm.obj</name>
      </input_file>
      <input_file id="fl-148">
         <path>C:\ti\TivaWare_C_Series-2.1.0.12573\examples\boards\ek-tm4c1294xl-boostxl-kentec-l35\grlib_demo\ccs\..\..\..\..\..\driverlib\ccs\Debug\</path>
         <kind>archive</kind>
         <file>driverlib.lib</file>
         <name>interrupt.obj</name>
      </input_file>
      <input_file id="fl-149">
         <path>C:\ti\TivaWare_C_Series-2.1.0.12573\examples\boards\ek-tm4c1294xl-boostxl-kentec-l35\grlib_demo\ccs\..\..\..\..\..\driverlib\ccs\Debug\</path>
         <kind>archive</kind>
         <file>driverlib.lib</file>
         <name>gpio.obj</name>
      </input_file>
      <input_file id="fl-14a">
         <path>C:\ti\TivaWare_C_Series-2.1.0.12573\examples\boards\ek-tm4c1294xl-boostxl-kentec-l35\grlib_demo\ccs\..\..\..\..\..\driverlib\ccs\Debug\</path>
         <kind>archive</kind>
         <file>driverlib.lib</file>
         <name>fpu.obj</name>
      </input_file>
      <input_file id="fl-14b">
         <path>C:\ti\TivaWare_C_Series-2.1.0.12573\examples\boards\ek-tm4c1294xl-boostxl-kentec-l35\grlib_demo\ccs\..\..\..\..\..\driverlib\ccs\Debug\</path>
         <kind>archive</kind>
         <file>driverlib.lib</file>
         <name>epi.obj</name>
      </input_file>
      <input_file id="fl-14c">
         <path>C:\ti\TivaWare_C_Series-2.1.0.12573\examples\boards\ek-tm4c1294xl-boostxl-kentec-l35\grlib_demo\ccs\..\..\..\..\..\driverlib\ccs\Debug\</path>
         <kind>archive</kind>
         <file>driverlib.lib</file>
         <name>cpu.obj</name>
      </input_file>
      <input_file id="fl-14d">
         <path>C:\ti\TivaWare_C_Series-2.1.0.12573\examples\boards\ek-tm4c1294xl-boostxl-kentec-l35\grlib_demo\ccs\..\..\..\..\..\driverlib\ccs\Debug\</path>
         <kind>archive</kind>
         <file>driverlib.lib</file>
         <name>adc.obj</name>
      </input_file>
      <input_file id="fl-14e">
         <path>C:\ti\TivaWare_C_Series-2.1.0.12573\examples\boards\ek-tm4c1294xl-boostxl-kentec-l35\grlib_demo\ccs\..\..\..\..\..\grlib\ccs\Debug\</path>
         <kind>archive</kind>
         <file>grlib.lib</file>
         <name>fontcmss14.obj</name>
      </input_file>
      <input_file id="fl-14f">
         <path>C:\ti\TivaWare_C_Series-2.1.0.12573\examples\boards\ek-tm4c1294xl-boostxl-kentec-l35\grlib_demo\ccs\..\..\..\..\..\grlib\ccs\Debug\</path>
         <kind>archive</kind>
         <file>grlib.lib</file>
         <name>fontcmss12.obj</name>
      </input_file>
      <input_file id="fl-150">
         <path>C:\ti\TivaWare_C_Series-2.1.0.12573\examples\boards\ek-tm4c1294xl-boostxl-kentec-l35\grlib_demo\ccs\..\..\..\..\..\grlib\ccs\Debug\</path>
         <kind>archive</kind>
         <file>grlib.lib</file>
         <name>fontcm20.obj</name>
      </input_file>
      <input_file id="fl-151">
         <path>C:\ti\TivaWare_C_Series-2.1.0.12573\examples\boards\ek-tm4c1294xl-boostxl-kentec-l35\grlib_demo\ccs\..\..\..\..\..\grlib\ccs\Debug\</path>
         <kind>archive</kind>
         <file>grlib.lib</file>
         <name>fontcm16.obj</name>
      </input_file>
      <input_file id="fl-152">
         <path>C:\ti\TivaWare_C_Series-2.1.0.12573\examples\boards\ek-tm4c1294xl-boostxl-kentec-l35\grlib_demo\ccs\..\..\..\..\..\grlib\ccs\Debug\</path>
         <kind>archive</kind>
         <file>grlib.lib</file>
         <name>fontcm14.obj</name>
      </input_file>
      <input_file id="fl-153">
         <path>C:\ti\TivaWare_C_Series-2.1.0.12573\examples\boards\ek-tm4c1294xl-boostxl-kentec-l35\grlib_demo\ccs\..\..\..\..\..\grlib\ccs\Debug\</path>
         <kind>archive</kind>
         <file>grlib.lib</file>
         <name>fontcm12.obj</name>
      </input_file>
      <input_file id="fl-154">
         <path>C:\ti\TivaWare_C_Series-2.1.0.12573\examples\boards\ek-tm4c1294xl-boostxl-kentec-l35\grlib_demo\ccs\..\..\..\..\..\grlib\ccs\Debug\</path>
         <kind>archive</kind>
         <file>grlib.lib</file>
         <name>widget.obj</name>
      </input_file>
      <input_file id="fl-155">
         <path>C:\ti\TivaWare_C_Series-2.1.0.12573\examples\boards\ek-tm4c1294xl-boostxl-kentec-l35\grlib_demo\ccs\..\..\..\..\..\grlib\ccs\Debug\</path>
         <kind>archive</kind>
         <file>grlib.lib</file>
         <name>slider.obj</name>
      </input_file>
      <input_file id="fl-156">
         <path>C:\ti\TivaWare_C_Series-2.1.0.12573\examples\boards\ek-tm4c1294xl-boostxl-kentec-l35\grlib_demo\ccs\..\..\..\..\..\grlib\ccs\Debug\</path>
         <kind>archive</kind>
         <file>grlib.lib</file>
         <name>rectangle.obj</name>
      </input_file>
      <input_file id="fl-157">
         <path>C:\ti\TivaWare_C_Series-2.1.0.12573\examples\boards\ek-tm4c1294xl-boostxl-kentec-l35\grlib_demo\ccs\..\..\..\..\..\grlib\ccs\Debug\</path>
         <kind>archive</kind>
         <file>grlib.lib</file>
         <name>radiobutton.obj</name>
      </input_file>
      <input_file id="fl-158">
         <path>C:\ti\TivaWare_C_Series-2.1.0.12573\examples\boards\ek-tm4c1294xl-boostxl-kentec-l35\grlib_demo\ccs\..\..\..\..\..\grlib\ccs\Debug\</path>
         <kind>archive</kind>
         <file>grlib.lib</file>
         <name>pushbutton.obj</name>
      </input_file>
      <input_file id="fl-159">
         <path>C:\ti\TivaWare_C_Series-2.1.0.12573\examples\boards\ek-tm4c1294xl-boostxl-kentec-l35\grlib_demo\ccs\..\..\..\..\..\grlib\ccs\Debug\</path>
         <kind>archive</kind>
         <file>grlib.lib</file>
         <name>line.obj</name>
      </input_file>
      <input_file id="fl-15a">
         <path>C:\ti\TivaWare_C_Series-2.1.0.12573\examples\boards\ek-tm4c1294xl-boostxl-kentec-l35\grlib_demo\ccs\..\..\..\..\..\grlib\ccs\Debug\</path>
         <kind>archive</kind>
         <file>grlib.lib</file>
         <name>image.obj</name>
      </input_file>
      <input_file id="fl-15b">
         <path>C:\ti\TivaWare_C_Series-2.1.0.12573\examples\boards\ek-tm4c1294xl-boostxl-kentec-l35\grlib_demo\ccs\..\..\..\..\..\grlib\ccs\Debug\</path>
         <kind>archive</kind>
         <file>grlib.lib</file>
         <name>context.obj</name>
      </input_file>
      <input_file id="fl-15c">
         <path>C:\ti\TivaWare_C_Series-2.1.0.12573\examples\boards\ek-tm4c1294xl-boostxl-kentec-l35\grlib_demo\ccs\..\..\..\..\..\grlib\ccs\Debug\</path>
         <kind>archive</kind>
         <file>grlib.lib</file>
         <name>container.obj</name>
      </input_file>
      <input_file id="fl-15d">
         <path>C:\ti\TivaWare_C_Series-2.1.0.12573\examples\boards\ek-tm4c1294xl-boostxl-kentec-l35\grlib_demo\ccs\..\..\..\..\..\grlib\ccs\Debug\</path>
         <kind>archive</kind>
         <file>grlib.lib</file>
         <name>circle.obj</name>
      </input_file>
      <input_file id="fl-15e">
         <path>C:\ti\TivaWare_C_Series-2.1.0.12573\examples\boards\ek-tm4c1294xl-boostxl-kentec-l35\grlib_demo\ccs\..\..\..\..\..\grlib\ccs\Debug\</path>
         <kind>archive</kind>
         <file>grlib.lib</file>
         <name>charmap.obj</name>
      </input_file>
      <input_file id="fl-15f">
         <path>C:\ti\TivaWare_C_Series-2.1.0.12573\examples\boards\ek-tm4c1294xl-boostxl-kentec-l35\grlib_demo\ccs\..\..\..\..\..\grlib\ccs\Debug\</path>
         <kind>archive</kind>
         <file>grlib.lib</file>
         <name>canvas.obj</name>
      </input_file>
      <input_file id="fl-160">
         <path>C:\ti\TivaWare_C_Series-2.1.0.12573\examples\boards\ek-tm4c1294xl-boostxl-kentec-l35\grlib_demo\ccs\..\..\..\..\..\grlib\ccs\Debug\</path>
         <kind>archive</kind>
         <file>grlib.lib</file>
         <name>string.obj</name>
      </input_file>
   </input_file_list>
   <object_component_list>
      <object_component id="oc-f">
         <name>.intvecs</name>
         <load_address>0x0</load_address>
         <run_address>0x0</run_address>
         <size>0x200</size>
         <input_file_ref idref="fl-5"/>
      </object_component>
      <object_component id="oc-35d">
         <name>.text:UpdateMeasurements</name>
         <load_address>0xc7b4</load_address>
         <run_address>0xc7b4</run_address>
         <size>0xdc4</size>
         <input_file_ref idref="fl-2"/>
      </object_component>
      <object_component id="oc-1a6">
         <name>.text:PixelsCalculation</name>
         <load_address>0xd578</load_address>
         <run_address>0xd578</run_address>
         <size>0x7fc</size>
         <input_file_ref idref="fl-2"/>
      </object_component>
      <object_component id="oc-1a0">
         <name>.text:setup</name>
         <load_address>0xdd74</load_address>
         <run_address>0xdd74</run_address>
         <size>0x6b4</size>
         <input_file_ref idref="fl-2"/>
      </object_component>
      <object_component id="oc-3d1">
         <name>.text:DWaveForm</name>
         <load_address>0xe428</load_address>
         <run_address>0xe428</run_address>
         <size>0x65c</size>
         <input_file_ref idref="fl-2"/>
      </object_component>
      <object_component id="oc-285">
         <name>.text:InternalImageDraw</name>
         <load_address>0xea84</load_address>
         <run_address>0xea84</run_address>
         <size>0x38c</size>
         <input_file_ref idref="fl-15a"/>
      </object_component>
      <object_component id="oc-7f0">
         <name>.text:SetupVoltageDivision</name>
         <load_address>0xee10</load_address>
         <run_address>0xee10</run_address>
         <size>0x370</size>
         <input_file_ref idref="fl-2"/>
      </object_component>
      <object_component id="oc-495">
         <name>.text:PixelTransparentDraw</name>
         <load_address>0xf180</load_address>
         <run_address>0xf180</run_address>
         <size>0x2ce</size>
         <input_file_ref idref="fl-15a"/>
      </object_component>
      <object_component id="oc-75f">
         <name>.text:SliderPaint</name>
         <load_address>0xf44e</load_address>
         <run_address>0xf44e</run_address>
         <size>0x2be</size>
         <input_file_ref idref="fl-155"/>
      </object_component>
      <object_component id="oc-16f">
         <name>.text:Kentec320x240x16_SSD2119Init</name>
         <load_address>0xf70c</load_address>
         <run_address>0xf70c</run_address>
         <size>0x268</size>
         <input_file_ref idref="fl-7"/>
      </object_component>
      <object_component id="oc-463">
         <name>.text:GrFontGlyphRender</name>
         <load_address>0xf974</load_address>
         <run_address>0xf974</run_address>
         <size>0x266</size>
         <input_file_ref idref="fl-160"/>
      </object_component>
      <object_component id="oc-36">
         <name>.text:FaultISR</name>
         <load_address>0xfbda</load_address>
         <run_address>0xfbda</run_address>
         <size>0x2</size>
         <input_file_ref idref="fl-5"/>
      </object_component>
      <object_component id="oc-169">
         <name>.text:SysCtlClockFreqSet</name>
         <load_address>0xfbdc</load_address>
         <run_address>0xfbdc</run_address>
         <size>0x1fc</size>
         <input_file_ref idref="fl-146"/>
      </object_component>
      <object_component id="oc-80f">
         <name>.text:GrCircleDraw</name>
         <load_address>0xfdd8</load_address>
         <run_address>0xfdd8</run_address>
         <size>0x1fa</size>
         <input_file_ref idref="fl-15d"/>
      </object_component>
      <object_component id="oc-519">
         <name>.text</name>
         <load_address>0xffd2</load_address>
         <run_address>0xffd2</run_address>
         <size>0x1f4</size>
         <input_file_ref idref="fl-13e"/>
      </object_component>
      <object_component id="oc-3c">
         <name>.text:IntDefaultHandler</name>
         <load_address>0x101c6</load_address>
         <run_address>0x101c6</run_address>
         <size>0x2</size>
         <input_file_ref idref="fl-5"/>
      </object_component>
      <object_component id="oc-107">
         <name>.text:main</name>
         <load_address>0x101c8</load_address>
         <run_address>0x101c8</run_address>
         <size>0x1b8</size>
         <input_file_ref idref="fl-2"/>
      </object_component>
      <object_component id="oc-7af">
         <name>.text:RadioButtonPaint</name>
         <load_address>0x10380</load_address>
         <run_address>0x10380</run_address>
         <size>0x1b2</size>
         <input_file_ref idref="fl-157"/>
      </object_component>
      <object_component id="oc-547">
         <name>.text:CanvasPaint</name>
         <load_address>0x10532</load_address>
         <run_address>0x10532</run_address>
         <size>0x188</size>
         <input_file_ref idref="fl-15f"/>
      </object_component>
      <object_component id="oc-3a5">
         <name>.text:Kentec320x240x16_SSD2119Flush</name>
         <load_address>0x106ba</load_address>
         <run_address>0x106ba</run_address>
         <size>0x2</size>
         <input_file_ref idref="fl-7"/>
      </object_component>
      <object_component id="oc-96">
         <name>.text:TouchScreenDebouncer</name>
         <load_address>0x106bc</load_address>
         <run_address>0x106bc</run_address>
         <size>0x180</size>
         <input_file_ref idref="fl-8"/>
      </object_component>
      <object_component id="oc-387">
         <name>.text:Kentec320x240x16_SSD2119PixelDrawMultiple</name>
         <load_address>0x1083c</load_address>
         <run_address>0x1083c</run_address>
         <size>0x17c</size>
         <input_file_ref idref="fl-7"/>
      </object_component>
      <object_component id="oc-221">
         <name>.text:InitGPIOLCDInterface</name>
         <load_address>0x109b8</load_address>
         <run_address>0x109b8</run_address>
         <size>0x170</size>
         <input_file_ref idref="fl-7"/>
      </object_component>
      <object_component id="oc-566">
         <name>.text:RectangularButtonPaint</name>
         <load_address>0x10b28</load_address>
         <run_address>0x10b28</run_address>
         <size>0x16e</size>
         <input_file_ref idref="fl-158"/>
      </object_component>
      <object_component id="oc-55c">
         <name>.text:GrCircleFill</name>
         <load_address>0x10c96</load_address>
         <run_address>0x10c96</run_address>
         <size>0x146</size>
         <input_file_ref idref="fl-15d"/>
      </object_component>
      <object_component id="oc-747">
         <name>.text:ContainerPaint</name>
         <load_address>0x10ddc</load_address>
         <run_address>0x10ddc</run_address>
         <size>0x144</size>
         <input_file_ref idref="fl-15c"/>
      </object_component>
      <object_component id="oc-7f7">
         <name>.text:MinusMagDivC2</name>
         <load_address>0x10f20</load_address>
         <run_address>0x10f20</run_address>
         <size>0x144</size>
         <input_file_ref idref="fl-2"/>
      </object_component>
      <object_component id="oc-7e8">
         <name>.text:MinusMagDivC1</name>
         <load_address>0x11064</load_address>
         <run_address>0x11064</run_address>
         <size>0x140</size>
         <input_file_ref idref="fl-2"/>
      </object_component>
      <object_component id="oc-435">
         <name>.text:GPIOPadConfigSet</name>
         <load_address>0x111a4</load_address>
         <run_address>0x111a4</run_address>
         <size>0x130</size>
         <input_file_ref idref="fl-149"/>
      </object_component>
      <object_component id="oc-42">
         <name>.text:TouchScreenIntHandler</name>
         <load_address>0x112d4</load_address>
         <run_address>0x112d4</run_address>
         <size>0x130</size>
         <input_file_ref idref="fl-8"/>
      </object_component>
      <object_component id="oc-79a">
         <name>.text:AddMagDivC2</name>
         <load_address>0x11404</load_address>
         <run_address>0x11404</run_address>
         <size>0x12c</size>
         <input_file_ref idref="fl-2"/>
      </object_component>
      <object_component id="oc-78f">
         <name>.text:AddMagDivC1</name>
         <load_address>0x11530</load_address>
         <run_address>0x11530</run_address>
         <size>0x128</size>
         <input_file_ref idref="fl-2"/>
      </object_component>
      <object_component id="oc-17b">
         <name>.text:TouchScreenInit</name>
         <load_address>0x11658</load_address>
         <run_address>0x11658</run_address>
         <size>0x124</size>
         <input_file_ref idref="fl-8"/>
      </object_component>
      <object_component id="oc-399">
         <name>.text:Kentec320x240x16_SSD2119RectFill</name>
         <load_address>0x1177c</load_address>
         <run_address>0x1177c</run_address>
         <size>0x114</size>
         <input_file_ref idref="fl-7"/>
      </object_component>
      <object_component id="oc-58a">
         <name>.text:CalibrateOffset</name>
         <load_address>0x11890</load_address>
         <run_address>0x11890</run_address>
         <size>0x10c</size>
         <input_file_ref idref="fl-2"/>
      </object_component>
      <object_component id="oc-555">
         <name>.text:GrLineDraw</name>
         <load_address>0x1199c</load_address>
         <run_address>0x1199c</run_address>
         <size>0x100</size>
         <input_file_ref idref="fl-159"/>
      </object_component>
      <object_component id="oc-504">
         <name>.text</name>
         <load_address>0x11a9c</load_address>
         <run_address>0x11a9c</run_address>
         <size>0xfc</size>
         <input_file_ref idref="fl-136"/>
      </object_component>
      <object_component id="oc-800">
         <name>.text:MinusTimeDiv</name>
         <load_address>0x11b98</load_address>
         <run_address>0x11b98</run_address>
         <size>0xf8</size>
         <input_file_ref idref="fl-2"/>
      </object_component>
      <object_component id="oc-48">
         <name>.text:EPIIntHandler</name>
         <load_address>0x11c90</load_address>
         <run_address>0x11c90</run_address>
         <size>0xf0</size>
         <input_file_ref idref="fl-2"/>
      </object_component>
      <object_component id="oc-19a">
         <name>.text:WidgetMessageQueueAdd</name>
         <load_address>0x11d80</load_address>
         <run_address>0x11d80</run_address>
         <size>0xf0</size>
         <input_file_ref idref="fl-154"/>
      </object_component>
      <object_component id="oc-7a5">
         <name>.text:AddTimeDiv</name>
         <load_address>0x11e70</load_address>
         <run_address>0x11e70</run_address>
         <size>0xec</size>
         <input_file_ref idref="fl-2"/>
      </object_component>
      <object_component id="oc-56c">
         <name>.text:RectangularButtonClick</name>
         <load_address>0x11f5c</load_address>
         <run_address>0x11f5c</run_address>
         <size>0xec</size>
         <input_file_ref idref="fl-158"/>
      </object_component>
      <object_component id="oc-774">
         <name>.text:TriggerSelectRadioBtns</name>
         <load_address>0x12048</load_address>
         <run_address>0x12048</run_address>
         <size>0xe0</size>
         <input_file_ref idref="fl-2"/>
      </object_component>
      <object_component id="oc-808">
         <name>.text:SetupTimeDivision</name>
         <load_address>0x12128</load_address>
         <run_address>0x12128</run_address>
         <size>0xdc</size>
         <input_file_ref idref="fl-2"/>
      </object_component>
      <object_component id="oc-73f">
         <name>.text:ChannelSelectRadioBtns</name>
         <load_address>0x12204</load_address>
         <run_address>0x12204</run_address>
         <size>0xd0</size>
         <input_file_ref idref="fl-2"/>
      </object_component>
      <object_component id="oc-765">
         <name>.text:SliderClick</name>
         <load_address>0x122d4</load_address>
         <run_address>0x122d4</run_address>
         <size>0xd0</size>
         <input_file_ref idref="fl-155"/>
      </object_component>
      <object_component id="oc-43c">
         <name>.text:WriteDataGPIO</name>
         <load_address>0x123a4</load_address>
         <run_address>0x123a4</run_address>
         <size>0xd0</size>
         <input_file_ref idref="fl-7"/>
      </object_component>
      <object_component id="oc-22c">
         <name>.text:GrDefaultStringRenderer</name>
         <load_address>0x12474</load_address>
         <run_address>0x12474</run_address>
         <size>0xca</size>
         <input_file_ref idref="fl-160"/>
      </object_component>
      <object_component id="oc-30">
         <name>.text:NmiSR</name>
         <load_address>0x1253e</load_address>
         <run_address>0x1253e</run_address>
         <size>0x2</size>
         <input_file_ref idref="fl-5"/>
      </object_component>
      <object_component id="oc-442">
         <name>.text:WriteCommandGPIO</name>
         <load_address>0x12540</load_address>
         <run_address>0x12540</run_address>
         <size>0xc8</size>
         <input_file_ref idref="fl-7"/>
      </object_component>
      <object_component id="oc-54f">
         <name>.text:ClrMyWidget</name>
         <load_address>0x12608</load_address>
         <run_address>0x12608</run_address>
         <size>0xbc</size>
         <input_file_ref idref="fl-2"/>
      </object_component>
      <object_component id="oc-661">
         <name>.text:GrLineClip</name>
         <load_address>0x126c4</load_address>
         <run_address>0x126c4</run_address>
         <size>0xbc</size>
         <input_file_ref idref="fl-159"/>
      </object_component>
      <object_component id="oc-378">
         <name>.text:WidgetMessageSendPostOrder</name>
         <load_address>0x12780</load_address>
         <run_address>0x12780</run_address>
         <size>0xb0</size>
         <input_file_ref idref="fl-154"/>
      </object_component>
      <object_component id="oc-7d4">
         <name>.text:SliderValueToPosition</name>
         <load_address>0x12830</load_address>
         <run_address>0x12830</run_address>
         <size>0xac</size>
         <input_file_ref idref="fl-155"/>
      </object_component>
      <object_component id="oc-51">
         <name>.text</name>
         <load_address>0x128dc</load_address>
         <run_address>0x128dc</run_address>
         <size>0x9c</size>
         <input_file_ref idref="fl-138"/>
      </object_component>
      <object_component id="oc-7b5">
         <name>.text:RadioButtonClick</name>
         <load_address>0x12978</load_address>
         <run_address>0x12978</run_address>
         <size>0x8c</size>
         <input_file_ref idref="fl-157"/>
      </object_component>
      <object_component id="oc-292">
         <name>.text:GrRectFill</name>
         <load_address>0x12a04</load_address>
         <run_address>0x12a04</run_address>
         <size>0x86</size>
         <input_file_ref idref="fl-156"/>
      </object_component>
      <object_component id="oc-50e">
         <name>.text:__aeabi_cdcmple</name>
         <load_address>0x12a8a</load_address>
         <run_address>0x12a8a</run_address>
         <size>0x86</size>
         <input_file_ref idref="fl-135"/>
      </object_component>
      <object_component id="oc-509">
         <name>.text:__aeabi_cdrcmple</name>
         <load_address>0x12b10</load_address>
         <run_address>0x12b10</run_address>
         <size>0x86</size>
         <input_file_ref idref="fl-135"/>
      </object_component>
      <object_component id="oc-7ce">
         <name>.text:GrRectIntersectGet</name>
         <load_address>0x12b96</load_address>
         <run_address>0x12b96</run_address>
         <size>0x84</size>
         <input_file_ref idref="fl-156"/>
      </object_component>
      <object_component id="oc-246">
         <name>.text:ADCSequenceStepConfigure</name>
         <load_address>0x12c1a</load_address>
         <run_address>0x12c1a</run_address>
         <size>0x80</size>
         <input_file_ref idref="fl-14d"/>
      </object_component>
      <object_component id="oc-38d">
         <name>.text:Kentec320x240x16_SSD2119LineDrawH</name>
         <load_address>0x12c9c</load_address>
         <run_address>0x12c9c</run_address>
         <size>0x80</size>
         <input_file_ref idref="fl-7"/>
      </object_component>
      <object_component id="oc-b4">
         <name>.text:uDMAChannelTransferSet</name>
         <load_address>0x12d1c</load_address>
         <run_address>0x12d1c</run_address>
         <size>0x80</size>
         <input_file_ref idref="fl-144"/>
      </object_component>
      <object_component id="oc-393">
         <name>.text:Kentec320x240x16_SSD2119LineDrawV</name>
         <load_address>0x12d9c</load_address>
         <run_address>0x12d9c</run_address>
         <size>0x7c</size>
         <input_file_ref idref="fl-7"/>
      </object_component>
      <object_component id="oc-6a">
         <name>.text</name>
         <load_address>0x12e18</load_address>
         <run_address>0x12e18</run_address>
         <size>0x7a</size>
         <input_file_ref idref="fl-139"/>
      </object_component>
      <object_component id="oc-5de">
         <name>.text:AddMinusFunctionC1</name>
         <load_address>0x12e94</load_address>
         <run_address>0x12e94</run_address>
         <size>0x74</size>
         <input_file_ref idref="fl-2"/>
      </object_component>
      <object_component id="oc-5e4">
         <name>.text:AddMinusFunctionC2</name>
         <load_address>0x12f08</load_address>
         <run_address>0x12f08</run_address>
         <size>0x6c</size>
         <input_file_ref idref="fl-2"/>
      </object_component>
      <object_component id="oc-5ea">
         <name>.text:AddMinusFunctionTime</name>
         <load_address>0x12f74</load_address>
         <run_address>0x12f74</run_address>
         <size>0x6c</size>
         <input_file_ref idref="fl-2"/>
      </object_component>
      <object_component id="oc-5fc">
         <name>.text:DRadioAcquire</name>
         <load_address>0x12fe0</load_address>
         <run_address>0x12fe0</run_address>
         <size>0x6c</size>
         <input_file_ref idref="fl-2"/>
      </object_component>
      <object_component id="oc-5f6">
         <name>.text:DRadioChannels</name>
         <load_address>0x1304c</load_address>
         <run_address>0x1304c</run_address>
         <size>0x6c</size>
         <input_file_ref idref="fl-2"/>
      </object_component>
      <object_component id="oc-5f0">
         <name>.text:TriggerFunction</name>
         <load_address>0x130b8</load_address>
         <run_address>0x130b8</run_address>
         <size>0x6c</size>
         <input_file_ref idref="fl-2"/>
      </object_component>
      <object_component id="oc-7c">
         <name>.text</name>
         <load_address>0x13124</load_address>
         <run_address>0x13124</run_address>
         <size>0x6c</size>
         <input_file_ref idref="fl-141"/>
      </object_component>
      <object_component id="oc-616">
         <name>.text:GrStringWidthGet</name>
         <load_address>0x13190</load_address>
         <run_address>0x13190</run_address>
         <size>0x6a</size>
         <input_file_ref idref="fl-160"/>
      </object_component>
      <object_component id="oc-5d">
         <name>.text</name>
         <load_address>0x131fa</load_address>
         <run_address>0x131fa</run_address>
         <size>0x6a</size>
         <input_file_ref idref="fl-132"/>
      </object_component>
      <object_component id="oc-2d0">
         <name>.text:SetupDMA</name>
         <load_address>0x13264</load_address>
         <run_address>0x13264</run_address>
         <size>0x68</size>
         <input_file_ref idref="fl-2"/>
      </object_component>
      <object_component id="oc-60a">
         <name>.text:GrRectDraw</name>
         <load_address>0x132cc</load_address>
         <run_address>0x132cc</run_address>
         <size>0x66</size>
         <input_file_ref idref="fl-156"/>
      </object_component>
      <object_component id="oc-175">
         <name>.text:GrContextInit</name>
         <load_address>0x13334</load_address>
         <run_address>0x13334</run_address>
         <size>0x64</size>
         <input_file_ref idref="fl-15b"/>
      </object_component>
      <object_component id="oc-1ac">
         <name>.text:WidgetMessageQueueProcess</name>
         <load_address>0x13398</load_address>
         <run_address>0x13398</run_address>
         <size>0x64</size>
         <input_file_ref idref="fl-154"/>
      </object_component>
      <object_component id="oc-604">
         <name>.text:GrContextClipRegionSet</name>
         <load_address>0x133fc</load_address>
         <run_address>0x133fc</run_address>
         <size>0x62</size>
         <input_file_ref idref="fl-15b"/>
      </object_component>
      <object_component id="oc-258">
         <name>.text:IntEnable</name>
         <load_address>0x13460</load_address>
         <run_address>0x13460</run_address>
         <size>0x60</size>
         <input_file_ref idref="fl-148"/>
      </object_component>
      <object_component id="oc-5a0">
         <name>.text:FontWideGlyphDataGet</name>
         <load_address>0x134c0</load_address>
         <run_address>0x134c0</run_address>
         <size>0x5c</size>
         <input_file_ref idref="fl-160"/>
      </object_component>
      <object_component id="oc-26a">
         <name>.text:TimerConfigure</name>
         <load_address>0x1351c</load_address>
         <run_address>0x1351c</run_address>
         <size>0x5c</size>
         <input_file_ref idref="fl-145"/>
      </object_component>
      <object_component id="oc-381">
         <name>.text:Kentec320x240x16_SSD2119PixelDraw</name>
         <load_address>0x13578</load_address>
         <run_address>0x13578</run_address>
         <size>0x58</size>
         <input_file_ref idref="fl-7"/>
      </object_component>
      <object_component id="oc-7db">
         <name>.text:SliderPositionToValue</name>
         <load_address>0x135d0</load_address>
         <run_address>0x135d0</run_address>
         <size>0x58</size>
         <input_file_ref idref="fl-155"/>
      </object_component>
      <object_component id="oc-276">
         <name>.text:TimerControlTrigger</name>
         <load_address>0x13628</load_address>
         <run_address>0x13628</run_address>
         <size>0x58</size>
         <input_file_ref idref="fl-145"/>
      </object_component>
      <object_component id="oc-372">
         <name>.text:WidgetMessageSendPreOrder</name>
         <load_address>0x13680</load_address>
         <run_address>0x13680</run_address>
         <size>0x56</size>
         <input_file_ref idref="fl-154"/>
      </object_component>
      <object_component id="oc-24">
         <name>.text</name>
         <load_address>0x136d8</load_address>
         <run_address>0x136d8</run_address>
         <size>0x50</size>
         <input_file_ref idref="fl-130"/>
      </object_component>
      <object_component id="oc-630">
         <name>.text:WidgetRemove</name>
         <load_address>0x13728</load_address>
         <run_address>0x13728</run_address>
         <size>0x4c</size>
         <input_file_ref idref="fl-154"/>
      </object_component>
      <object_component id="oc-ff">
         <name>.text</name>
         <load_address>0x13774</load_address>
         <run_address>0x13774</run_address>
         <size>0x4c</size>
         <input_file_ref idref="fl-142"/>
      </object_component>
      <object_component id="oc-6b0">
         <name>.text:UpdateContextCharMapping</name>
         <load_address>0x137c0</load_address>
         <run_address>0x137c0</run_address>
         <size>0x4a</size>
         <input_file_ref idref="fl-160"/>
      </object_component>
      <object_component id="oc-2d6">
         <name>.text:GPIOPinConfigure</name>
         <load_address>0x1380c</load_address>
         <run_address>0x1380c</run_address>
         <size>0x48</size>
         <input_file_ref idref="fl-149"/>
      </object_component>
      <object_component id="oc-20a">
         <name>.text:_SysCtlFrequencyGet</name>
         <load_address>0x13854</load_address>
         <run_address>0x13854</run_address>
         <size>0x48</size>
         <input_file_ref idref="fl-146"/>
      </object_component>
      <object_component id="oc-4b8">
         <name>.text:uDMAChannelAttributeDisable</name>
         <load_address>0x1389c</load_address>
         <run_address>0x1389c</run_address>
         <size>0x48</size>
         <input_file_ref idref="fl-144"/>
      </object_component>
      <object_component id="oc-4be">
         <name>.text:uDMAChannelAttributeEnable</name>
         <load_address>0x138e4</load_address>
         <run_address>0x138e4</run_address>
         <size>0x48</size>
         <input_file_ref idref="fl-144"/>
      </object_component>
      <object_component id="oc-667">
         <name>.text:GrLineDrawH</name>
         <load_address>0x1392c</load_address>
         <run_address>0x1392c</run_address>
         <size>0x46</size>
         <input_file_ref idref="fl-159"/>
      </object_component>
      <object_component id="oc-66d">
         <name>.text:GrLineDrawV</name>
         <load_address>0x13972</load_address>
         <run_address>0x13972</run_address>
         <size>0x46</size>
         <input_file_ref idref="fl-159"/>
      </object_component>
      <object_component id="oc-81e">
         <name>.text:OnSliderChangeC1</name>
         <load_address>0x139b8</load_address>
         <run_address>0x139b8</run_address>
         <size>0x44</size>
         <input_file_ref idref="fl-2"/>
      </object_component>
      <object_component id="oc-826">
         <name>.text:OnSliderChangeC2</name>
         <load_address>0x139fc</load_address>
         <run_address>0x139fc</run_address>
         <size>0x44</size>
         <input_file_ref idref="fl-2"/>
      </object_component>
      <object_component id="oc-88">
         <name>.text</name>
         <load_address>0x13a40</load_address>
         <run_address>0x13a40</run_address>
         <size>0x44</size>
         <input_file_ref idref="fl-134"/>
      </object_component>
      <object_component id="oc-240">
         <name>.text:ADCSequenceConfigure</name>
         <load_address>0x13a84</load_address>
         <run_address>0x13a84</run_address>
         <size>0x3e</size>
         <input_file_ref idref="fl-14d"/>
      </object_component>
      <object_component id="oc-18e">
         <name>.text:ClrScreen</name>
         <load_address>0x13ac4</load_address>
         <run_address>0x13ac4</run_address>
         <size>0x3c</size>
         <input_file_ref idref="fl-2"/>
      </object_component>
      <object_component id="oc-5a6">
         <name>.text:FontGlyphDataGet</name>
         <load_address>0x13b00</load_address>
         <run_address>0x13b00</run_address>
         <size>0x3a</size>
         <input_file_ref idref="fl-160"/>
      </object_component>
      <object_component id="oc-82e">
         <name>.text:GrRectOverlapCheck</name>
         <load_address>0x13b3a</load_address>
         <run_address>0x13b3a</run_address>
         <size>0x38</size>
         <input_file_ref idref="fl-156"/>
      </object_component>
      <object_component id="oc-4fa">
         <name>.text</name>
         <load_address>0x13b72</load_address>
         <run_address>0x13b72</run_address>
         <size>0x38</size>
         <input_file_ref idref="fl-137"/>
      </object_component>
      <object_component id="oc-720">
         <name>.text:GrClipCodeGet</name>
         <load_address>0x13baa</load_address>
         <run_address>0x13baa</run_address>
         <size>0x36</size>
         <input_file_ref idref="fl-159"/>
      </object_component>
      <object_component id="oc-77c">
         <name>.text:AcquireSelectRadioBtns</name>
         <load_address>0x13be0</load_address>
         <run_address>0x13be0</run_address>
         <size>0x34</size>
         <input_file_ref idref="fl-2"/>
      </object_component>
      <object_component id="oc-21b">
         <name>.text:SysCtlPeripheralEnable</name>
         <load_address>0x13c14</load_address>
         <run_address>0x13c14</run_address>
         <size>0x34</size>
         <input_file_ref idref="fl-146"/>
      </object_component>
      <object_component id="oc-2b8">
         <name>.text:SysCtlPeripheralSleepEnable</name>
         <load_address>0x13c48</load_address>
         <run_address>0x13c48</run_address>
         <size>0x34</size>
         <input_file_ref idref="fl-146"/>
      </object_component>
      <object_component id="oc-757">
         <name>.text:TriggerModeSelect</name>
         <load_address>0x13c7c</load_address>
         <run_address>0x13c7c</run_address>
         <size>0x34</size>
         <input_file_ref idref="fl-2"/>
      </object_component>
      <object_component id="oc-74f">
         <name>.text:TriggerSourceSelect</name>
         <load_address>0x13cb0</load_address>
         <run_address>0x13cb0</run_address>
         <size>0x34</size>
         <input_file_ref idref="fl-2"/>
      </object_component>
      <object_component id="oc-6d5">
         <name>.text:SliderMsgProc</name>
         <load_address>0x13ce4</load_address>
         <run_address>0x13ce4</run_address>
         <size>0x2c</size>
         <input_file_ref idref="fl-155"/>
      </object_component>
      <object_component id="oc-2ca">
         <name>.text:uDMAChannelAssign</name>
         <load_address>0x13d10</load_address>
         <run_address>0x13d10</run_address>
         <size>0x2c</size>
         <input_file_ref idref="fl-144"/>
      </object_component>
      <object_component id="oc-487">
         <name>.text:GPIODirModeSet</name>
         <load_address>0x13d3c</load_address>
         <run_address>0x13d3c</run_address>
         <size>0x2a</size>
         <input_file_ref idref="fl-149"/>
      </object_component>
      <object_component id="oc-677">
         <name>.text:GrFontBaselineGet</name>
         <load_address>0x13d66</load_address>
         <run_address>0x13d66</run_address>
         <size>0x2a</size>
         <input_file_ref idref="fl-160"/>
      </object_component>
      <object_component id="oc-61c">
         <name>.text:GrFontHeightGet</name>
         <load_address>0x13d90</load_address>
         <run_address>0x13d90</run_address>
         <size>0x2a</size>
         <input_file_ref idref="fl-160"/>
      </object_component>
      <object_component id="oc-457">
         <name>.text:GrStringNextCharGet</name>
         <load_address>0x13dba</load_address>
         <run_address>0x13dba</run_address>
         <size>0x2a</size>
         <input_file_ref idref="fl-160"/>
      </object_component>
      <object_component id="oc-52f">
         <name>.text:WidgetIsInTree</name>
         <load_address>0x13de4</load_address>
         <run_address>0x13de4</run_address>
         <size>0x2a</size>
         <input_file_ref idref="fl-154"/>
      </object_component>
      <object_component id="oc-451">
         <name>.text:GrFontInfoGet</name>
         <load_address>0x13e0e</load_address>
         <run_address>0x13e0e</run_address>
         <size>0x26</size>
         <input_file_ref idref="fl-160"/>
      </object_component>
      <object_component id="oc-739">
         <name>.text:RadioButtonMsgProc</name>
         <load_address>0x13e34</load_address>
         <run_address>0x13e34</run_address>
         <size>0x24</size>
         <input_file_ref idref="fl-157"/>
      </object_component>
      <object_component id="oc-194">
         <name>.text:WidgetAdd</name>
         <load_address>0x13e58</load_address>
         <run_address>0x13e58</run_address>
         <size>0x24</size>
         <input_file_ref idref="fl-154"/>
      </object_component>
      <object_component id="oc-4c4">
         <name>.text:uDMAChannelControlSet</name>
         <load_address>0x13e7c</load_address>
         <run_address>0x13e7c</run_address>
         <size>0x24</size>
         <input_file_ref idref="fl-144"/>
      </object_component>
      <object_component id="oc-45d">
         <name>.text:GrFontGlyphDataGet</name>
         <load_address>0x13ea0</load_address>
         <run_address>0x13ea0</run_address>
         <size>0x22</size>
         <input_file_ref idref="fl-160"/>
      </object_component>
      <object_component id="oc-31d">
         <name>.text:PWMGenConfigure</name>
         <load_address>0x13ec2</load_address>
         <run_address>0x13ec2</run_address>
         <size>0x22</size>
         <input_file_ref idref="fl-147"/>
      </object_component>
      <object_component id="oc-3dc">
         <name>.text:RectangularButtonMsgProc</name>
         <load_address>0x13ee4</load_address>
         <run_address>0x13ee4</run_address>
         <size>0x22</size>
         <input_file_ref idref="fl-158"/>
      </object_component>
      <object_component id="oc-4ff">
         <name>.text</name>
         <load_address>0x13f06</load_address>
         <run_address>0x13f06</run_address>
         <size>0x20</size>
         <input_file_ref idref="fl-13d"/>
      </object_component>
      <object_component id="oc-732">
         <name>.text:GrFontCodepageGet</name>
         <load_address>0x13f26</load_address>
         <run_address>0x13f26</run_address>
         <size>0x1e</size>
         <input_file_ref idref="fl-160"/>
      </object_component>
      <object_component id="oc-329">
         <name>.text:PWMPulseWidthSet</name>
         <load_address>0x13f44</load_address>
         <run_address>0x13f44</run_address>
         <size>0x1e</size>
         <input_file_ref idref="fl-147"/>
      </object_component>
      <object_component id="oc-42f">
         <name>.text:SysCtlGPIOAHBEnable</name>
         <load_address>0x13f64</load_address>
         <run_address>0x13f64</run_address>
         <size>0x1c</size>
         <input_file_ref idref="fl-146"/>
      </object_component>
      <object_component id="oc-1bc">
         <name>.text:WidgetPointerMessage</name>
         <load_address>0x13f80</load_address>
         <run_address>0x13f80</run_address>
         <size>0x1c</size>
         <input_file_ref idref="fl-154"/>
      </object_component>
      <object_component id="oc-204">
         <name>.text:_SysCtlMemTimingGet</name>
         <load_address>0x13f9c</load_address>
         <run_address>0x13f9c</run_address>
         <size>0x1c</size>
         <input_file_ref idref="fl-146"/>
      </object_component>
      <object_component id="oc-3e6">
         <name>.text:DRadioFreMagnitudeC1</name>
         <load_address>0x13fb8</load_address>
         <run_address>0x13fb8</run_address>
         <size>0x18</size>
         <input_file_ref idref="fl-2"/>
      </object_component>
      <object_component id="oc-3ec">
         <name>.text:DRadioFreMagnitudeC2</name>
         <load_address>0x13fd0</load_address>
         <run_address>0x13fd0</run_address>
         <size>0x18</size>
         <input_file_ref idref="fl-2"/>
      </object_component>
      <object_component id="oc-3f5">
         <name>.text:DRadioVolMagnitudeC1</name>
         <load_address>0x13fe8</load_address>
         <run_address>0x13fe8</run_address>
         <size>0x18</size>
         <input_file_ref idref="fl-2"/>
      </object_component>
      <object_component id="oc-3fb">
         <name>.text:DRadioVolMagnitudeC2</name>
         <load_address>0x14000</load_address>
         <run_address>0x14000</run_address>
         <size>0x18</size>
         <input_file_ref idref="fl-2"/>
      </object_component>
      <object_component id="oc-25e">
         <name>.text:GPIOPinTypeGPIOOutput</name>
         <load_address>0x14018</load_address>
         <run_address>0x14018</run_address>
         <size>0x18</size>
         <input_file_ref idref="fl-149"/>
      </object_component>
      <object_component id="oc-6de">
         <name>.text:OnSliderChangeVertical</name>
         <load_address>0x14030</load_address>
         <run_address>0x14030</run_address>
         <size>0x18</size>
         <input_file_ref idref="fl-2"/>
      </object_component>
      <object_component id="oc-82">
         <name>.text</name>
         <load_address>0x14048</load_address>
         <run_address>0x14048</run_address>
         <size>0x18</size>
         <input_file_ref idref="fl-140"/>
      </object_component>
      <object_component id="oc-ba">
         <name>.text:uDMAChannelEnable</name>
         <load_address>0x14060</load_address>
         <run_address>0x14060</run_address>
         <size>0x18</size>
         <input_file_ref idref="fl-144"/>
      </object_component>
      <object_component id="oc-39f">
         <name>.text:Kentec320x240x16_SSD2119ColorTranslate</name>
         <load_address>0x14078</load_address>
         <run_address>0x14078</run_address>
         <size>0x16</size>
         <input_file_ref idref="fl-7"/>
      </object_component>
      <object_component id="oc-3c4">
         <name>.text:CanvasMsgProc</name>
         <load_address>0x1408e</load_address>
         <run_address>0x1408e</run_address>
         <size>0x14</size>
         <input_file_ref idref="fl-15f"/>
      </object_component>
      <object_component id="oc-6be">
         <name>.text:ContainerMsgProc</name>
         <load_address>0x140a2</load_address>
         <run_address>0x140a2</run_address>
         <size>0x14</size>
         <input_file_ref idref="fl-15c"/>
      </object_component>
      <object_component id="oc-40d">
         <name>.text:RunStop</name>
         <load_address>0x140b8</load_address>
         <run_address>0x140b8</run_address>
         <size>0x14</size>
         <input_file_ref idref="fl-2"/>
      </object_component>
      <object_component id="oc-317">
         <name>.text:SysCtlPWMClockSet</name>
         <load_address>0x140cc</load_address>
         <run_address>0x140cc</run_address>
         <size>0x14</size>
         <input_file_ref idref="fl-146"/>
      </object_component>
      <object_component id="oc-29c">
         <name>.text:WidgetMutexGet</name>
         <load_address>0x140e0</load_address>
         <run_address>0x140e0</run_address>
         <size>0x14</size>
         <input_file_ref idref="fl-154"/>
      </object_component>
      <object_component id="oc-1e2">
         <name>.text</name>
         <load_address>0x140f4</load_address>
         <run_address>0x140f4</run_address>
         <size>0x14</size>
         <input_file_ref idref="fl-13f"/>
      </object_component>
      <object_component id="oc-23a">
         <name>.text:ADCHardwareOversampleConfigure</name>
         <load_address>0x14108</load_address>
         <run_address>0x14108</run_address>
         <size>0x12</size>
         <input_file_ref idref="fl-14d"/>
      </object_component>
      <object_component id="oc-2dc">
         <name>.text:GPIOPinTypeEPI</name>
         <load_address>0x1411a</load_address>
         <run_address>0x1411a</run_address>
         <size>0x12</size>
         <input_file_ref idref="fl-149"/>
      </object_component>
      <object_component id="oc-2e2">
         <name>.text:GPIOPinTypeGPIOInput</name>
         <load_address>0x1412c</load_address>
         <run_address>0x1412c</run_address>
         <size>0x12</size>
         <input_file_ref idref="fl-149"/>
      </object_component>
      <object_component id="oc-30b">
         <name>.text:GPIOPinTypePWM</name>
         <load_address>0x1413e</load_address>
         <run_address>0x1413e</run_address>
         <size>0x12</size>
         <input_file_ref idref="fl-149"/>
      </object_component>
      <object_component id="oc-622">
         <name>.text:GrStringDraw</name>
         <load_address>0x14150</load_address>
         <run_address>0x14150</run_address>
         <size>0x12</size>
         <input_file_ref idref="fl-160"/>
      </object_component>
      <object_component id="oc-335">
         <name>.text:PWMOutputState</name>
         <load_address>0x14162</load_address>
         <run_address>0x14162</run_address>
         <size>0x12</size>
         <input_file_ref idref="fl-147"/>
      </object_component>
      <object_component id="oc-270">
         <name>.text:TimerLoadSet</name>
         <load_address>0x14174</load_address>
         <run_address>0x14174</run_address>
         <size>0x12</size>
         <input_file_ref idref="fl-145"/>
      </object_component>
      <object_component id="oc-252">
         <name>.text:ADCIntEnable</name>
         <load_address>0x14186</load_address>
         <run_address>0x14186</run_address>
         <size>0x10</size>
         <input_file_ref idref="fl-14d"/>
      </object_component>
      <object_component id="oc-2b2">
         <name>.text:FPUEnable</name>
         <load_address>0x14198</load_address>
         <run_address>0x14198</run_address>
         <size>0x10</size>
         <input_file_ref idref="fl-14a"/>
      </object_component>
      <object_component id="oc-2ac">
         <name>.text:FPULazyStackingEnable</name>
         <load_address>0x141a8</load_address>
         <run_address>0x141a8</run_address>
         <size>0x10</size>
         <input_file_ref idref="fl-14a"/>
      </object_component>
      <object_component id="oc-323">
         <name>.text:PWMGenPeriodSet</name>
         <load_address>0x141b8</load_address>
         <run_address>0x141b8</run_address>
         <size>0x10</size>
         <input_file_ref idref="fl-147"/>
      </object_component>
      <object_component id="oc-2be">
         <name>.text:uDMAEnable</name>
         <load_address>0x141c8</load_address>
         <run_address>0x141c8</run_address>
         <size>0x10</size>
         <input_file_ref idref="fl-144"/>
      </object_component>
      <object_component id="oc-24c">
         <name>.text:ADCSequenceEnable</name>
         <load_address>0x141d8</load_address>
         <run_address>0x141d8</run_address>
         <size>0xe</size>
         <input_file_ref idref="fl-14d"/>
      </object_component>
      <object_component id="oc-a2">
         <name>.text:EPIIntStatus</name>
         <load_address>0x141e6</load_address>
         <run_address>0x141e6</run_address>
         <size>0xe</size>
         <input_file_ref idref="fl-14b"/>
      </object_component>
      <object_component id="oc-187">
         <name>.text:GrImageDraw</name>
         <load_address>0x141f4</load_address>
         <run_address>0x141f4</run_address>
         <size>0xe</size>
         <input_file_ref idref="fl-15a"/>
      </object_component>
      <object_component id="oc-27c">
         <name>.text:TimerEnable</name>
         <load_address>0x14202</load_address>
         <run_address>0x14202</run_address>
         <size>0xe</size>
         <input_file_ref idref="fl-145"/>
      </object_component>
      <object_component id="oc-12">
         <name>.text:decompress:none</name>
         <load_address>0x14210</load_address>
         <run_address>0x14210</run_address>
         <size>0xe</size>
         <input_file_ref idref="fl-131"/>
      </object_component>
      <object_component id="oc-4e3">
         <name>.text:CPUcpsie</name>
         <load_address>0x1421e</load_address>
         <run_address>0x1421e</run_address>
         <size>0xc</size>
         <input_file_ref idref="fl-14c"/>
      </object_component>
      <object_component id="oc-347">
         <name>.text:EPIConfigGPModeSet</name>
         <load_address>0x1422a</load_address>
         <run_address>0x1422a</run_address>
         <size>0xc</size>
         <input_file_ref idref="fl-14b"/>
      </object_component>
      <object_component id="oc-353">
         <name>.text:EPIIntEnable</name>
         <load_address>0x14236</load_address>
         <run_address>0x14236</run_address>
         <size>0xc</size>
         <input_file_ref idref="fl-14b"/>
      </object_component>
      <object_component id="oc-6eb">
         <name>.text:OnSliderChangeHorizontal</name>
         <load_address>0x14244</load_address>
         <run_address>0x14244</run_address>
         <size>0xc</size>
         <input_file_ref idref="fl-2"/>
      </object_component>
      <object_component id="oc-32f">
         <name>.text:PWMGenEnable</name>
         <load_address>0x14250</load_address>
         <run_address>0x14250</run_address>
         <size>0xc</size>
         <input_file_ref idref="fl-147"/>
      </object_component>
      <object_component id="oc-181">
         <name>.text:TouchScreenCallbackSet</name>
         <load_address>0x1425c</load_address>
         <run_address>0x1425c</run_address>
         <size>0xc</size>
         <input_file_ref idref="fl-8"/>
      </object_component>
      <object_component id="oc-1e">
         <name>.text:decompress:ZI</name>
         <load_address>0x14268</load_address>
         <run_address>0x14268</run_address>
         <size>0xc</size>
         <input_file_ref idref="fl-133"/>
      </object_component>
      <object_component id="oc-2c4">
         <name>.text:uDMAControlBaseSet</name>
         <load_address>0x14274</load_address>
         <run_address>0x14274</run_address>
         <size>0xc</size>
         <input_file_ref idref="fl-144"/>
      </object_component>
      <object_component id="oc-a8">
         <name>.text:uDMAIntClear</name>
         <load_address>0x14280</load_address>
         <run_address>0x14280</run_address>
         <size>0xc</size>
         <input_file_ref idref="fl-144"/>
      </object_component>
      <object_component id="oc-c0">
         <name>.text:EPINonBlockingReadConfigure</name>
         <load_address>0x1428c</load_address>
         <run_address>0x1428c</run_address>
         <size>0xa</size>
         <input_file_ref idref="fl-14b"/>
      </object_component>
      <object_component id="oc-311">
         <name>.text:IntMasterEnable</name>
         <load_address>0x14296</load_address>
         <run_address>0x14296</run_address>
         <size>0xa</size>
         <input_file_ref idref="fl-148"/>
      </object_component>
      <object_component id="oc-c6">
         <name>.text:EPINonBlockingReadStart</name>
         <load_address>0x142a0</load_address>
         <run_address>0x142a0</run_address>
         <size>0x8</size>
         <input_file_ref idref="fl-14b"/>
      </object_component>
      <object_component id="oc-46b">
         <name>.text:GrMapISO8859_1_Unicode</name>
         <load_address>0x142a8</load_address>
         <run_address>0x142a8</run_address>
         <size>0x8</size>
         <input_file_ref idref="fl-15e"/>
      </object_component>
      <object_component id="oc-34d">
         <name>.text:EPIFIFOConfig</name>
         <load_address>0x142b0</load_address>
         <run_address>0x142b0</run_address>
         <size>0x6</size>
         <input_file_ref idref="fl-14b"/>
      </object_component>
      <object_component id="oc-ae">
         <name>.text:EPIIntErrorClear</name>
         <load_address>0x142b6</load_address>
         <run_address>0x142b6</run_address>
         <size>0x6</size>
         <input_file_ref idref="fl-14b"/>
      </object_component>
      <object_component id="oc-264">
         <name>.text:GPIOPinWrite</name>
         <load_address>0x142bc</load_address>
         <run_address>0x142bc</run_address>
         <size>0x6</size>
         <input_file_ref idref="fl-149"/>
      </object_component>
      <object_component id="oc-610">
         <name>.text:GrContextFontSet</name>
         <load_address>0x142c2</load_address>
         <run_address>0x142c2</run_address>
         <size>0x6</size>
         <input_file_ref idref="fl-160"/>
      </object_component>
      <object_component id="oc-2a">
         <name>.text:ResetISR</name>
         <load_address>0x142c8</load_address>
         <run_address>0x142c8</run_address>
         <size>0x6</size>
         <input_file_ref idref="fl-5"/>
      </object_component>
      <object_component id="oc-18d">
         <name>.text:SysCtlDelay</name>
         <load_address>0x142ce</load_address>
         <run_address>0x142ce</run_address>
         <size>0x6</size>
         <input_file_ref idref="fl-146"/>
      </object_component>
      <object_component id="oc-29d">
         <name>.text:WidgetMutexPut</name>
         <load_address>0x142d4</load_address>
         <run_address>0x142d4</run_address>
         <size>0x6</size>
         <input_file_ref idref="fl-154"/>
      </object_component>
      <object_component id="oc-18">
         <name>.text:decompress:rle24</name>
         <load_address>0x142da</load_address>
         <run_address>0x142da</run_address>
         <size>0x6</size>
         <input_file_ref idref="fl-132"/>
      </object_component>
      <object_component id="oc-341">
         <name>.text:EPIAddressMapSet</name>
         <load_address>0x142e0</load_address>
         <run_address>0x142e0</run_address>
         <size>0x4</size>
         <input_file_ref idref="fl-14b"/>
      </object_component>
      <object_component id="oc-33b">
         <name>.text:EPIDividerSet</name>
         <load_address>0x142e4</load_address>
         <run_address>0x142e4</run_address>
         <size>0x4</size>
         <input_file_ref idref="fl-14b"/>
      </object_component>
      <object_component id="oc-305">
         <name>.text:EPIModeSet</name>
         <load_address>0x142e8</load_address>
         <run_address>0x142e8</run_address>
         <size>0x4</size>
         <input_file_ref idref="fl-14b"/>
      </object_component>
      <object_component id="oc-404">
         <name>.text:OffSet</name>
         <load_address>0x142ec</load_address>
         <run_address>0x142ec</run_address>
         <size>0x4</size>
         <input_file_ref idref="fl-2"/>
      </object_component>
      <object_component id="oc-3b4">
         <name>.text:WidgetDefaultMsgProc</name>
         <load_address>0x142f0</load_address>
         <run_address>0x142f0</run_address>
         <size>0x4</size>
         <input_file_ref idref="fl-154"/>
      </object_component>
      <object_component id="oc-76">
         <name>.text</name>
         <load_address>0x142f4</load_address>
         <run_address>0x142f4</run_address>
         <size>0x4</size>
         <input_file_ref idref="fl-13a"/>
      </object_component>
      <object_component id="oc-1c5">
         <name>.const:.string:g_pui9Image</name>
         <load_address>0x200</load_address>
         <run_address>0x200</run_address>
         <size>0x72b1</size>
         <input_file_ref idref="fl-4"/>
      </object_component>
      <object_component id="oc-1c2">
         <name>.const:.string:g_pui8Image</name>
         <load_address>0x74b1</load_address>
         <run_address>0x74b1</run_address>
         <size>0x22e9</size>
         <input_file_ref idref="fl-3"/>
      </object_component>
      <object_component id="oc-76c">
         <name>.const:.string:g_pui8Cm20Data</name>
         <load_address>0x979c</load_address>
         <run_address>0x979c</run_address>
         <size>0x95e</size>
         <input_file_ref idref="fl-150"/>
      </object_component>
      <object_component id="oc-584">
         <name>.const:.string:g_pui8Cm16Data</name>
         <load_address>0xa0fc</load_address>
         <run_address>0xa0fc</run_address>
         <size>0x759</size>
         <input_file_ref idref="fl-151"/>
      </object_component>
      <object_component id="oc-57c">
         <name>.const:.string:g_pui8Cm14Data</name>
         <load_address>0xa858</load_address>
         <run_address>0xa858</run_address>
         <size>0x65a</size>
         <input_file_ref idref="fl-152"/>
      </object_component>
      <object_component id="oc-591">
         <name>.const:.string:g_pui8Cmss14Data</name>
         <load_address>0xaeb4</load_address>
         <run_address>0xaeb4</run_address>
         <size>0x609</size>
         <input_file_ref idref="fl-14e"/>
      </object_component>
      <object_component id="oc-574">
         <name>.const:.string:g_pui8Cm12Data</name>
         <load_address>0xb4c0</load_address>
         <run_address>0xb4c0</run_address>
         <size>0x55f</size>
         <input_file_ref idref="fl-153"/>
      </object_component>
      <object_component id="oc-6a2">
         <name>.const:.string:g_pui8Cmss12Data</name>
         <load_address>0xba20</load_address>
         <run_address>0xba20</run_address>
         <size>0x514</size>
         <input_file_ref idref="fl-14f"/>
      </object_component>
      <object_component id="oc-213">
         <name>.const:g_pppui32XTALtoVCO</name>
         <load_address>0xbf34</load_address>
         <run_address>0xbf34</run_address>
         <size>0x120</size>
         <input_file_ref idref="fl-146"/>
      </object_component>
      <object_component id="oc-3e2">
         <name>.const:g_sFontCm12</name>
         <load_address>0xc054</load_address>
         <run_address>0xc054</run_address>
         <size>0xc8</size>
         <input_file_ref idref="fl-153"/>
      </object_component>
      <object_component id="oc-3f2">
         <name>.const:g_sFontCm14</name>
         <load_address>0xc11c</load_address>
         <run_address>0xc11c</run_address>
         <size>0xc8</size>
         <input_file_ref idref="fl-152"/>
      </object_component>
      <object_component id="oc-401">
         <name>.const:g_sFontCm16</name>
         <load_address>0xc1e4</load_address>
         <run_address>0xc1e4</run_address>
         <size>0xc8</size>
         <input_file_ref idref="fl-151"/>
      </object_component>
      <object_component id="oc-6db">
         <name>.const:g_sFontCm20</name>
         <load_address>0xc2ac</load_address>
         <run_address>0xc2ac</run_address>
         <size>0xc8</size>
         <input_file_ref idref="fl-150"/>
      </object_component>
      <object_component id="oc-5db">
         <name>.const:g_sFontCmss12</name>
         <load_address>0xc374</load_address>
         <run_address>0xc374</run_address>
         <size>0xc8</size>
         <input_file_ref idref="fl-14f"/>
      </object_component>
      <object_component id="oc-40a">
         <name>.const:g_sFontCmss14</name>
         <load_address>0xc43c</load_address>
         <run_address>0xc43c</run_address>
         <size>0xc8</size>
         <input_file_ref idref="fl-14e"/>
      </object_component>
      <object_component id="oc-3e5">
         <name>.const:.string</name>
         <load_address>0xc504</load_address>
         <run_address>0xc504</run_address>
         <size>0xb8</size>
         <input_file_ref idref="fl-2"/>
      </object_component>
      <object_component id="oc-4cb">
         <name>.const:g_pui32GPIOBaseAddrs</name>
         <load_address>0xc5bc</load_address>
         <run_address>0xc5bc</run_address>
         <size>0x90</size>
         <input_file_ref idref="fl-149"/>
      </object_component>
      <object_component id="oc-482">
         <name>.const</name>
         <load_address>0xc64c</load_address>
         <run_address>0xc64c</run_address>
         <size>0x70</size>
         <input_file_ref idref="fl-148"/>
      </object_component>
      <object_component id="oc-210">
         <name>.const:g_pui32Xtals</name>
         <load_address>0xc6bc</load_address>
         <run_address>0xc6bc</run_address>
         <size>0x6c</size>
         <input_file_ref idref="fl-146"/>
      </object_component>
      <object_component id="oc-41c">
         <name>.const:g_sXTALtoMEMTIM</name>
         <load_address>0xc728</load_address>
         <run_address>0xc728</run_address>
         <size>0x30</size>
         <input_file_ref idref="fl-146"/>
      </object_component>
      <object_component id="oc-1b9">
         <name>.const:g_sKentec320x240x16_SSD2119</name>
         <load_address>0xc758</load_address>
         <run_address>0xc758</run_address>
         <size>0x28</size>
         <input_file_ref idref="fl-7"/>
      </object_component>
      <object_component id="oc-11a">
         <name>.const</name>
         <load_address>0xc780</load_address>
         <run_address>0xc780</run_address>
         <size>0x1c</size>
         <input_file_ref idref="fl-8"/>
      </object_component>
      <object_component id="oc-232">
         <name>.const</name>
         <load_address>0xc79c</load_address>
         <run_address>0xc79c</run_address>
         <size>0x10</size>
         <input_file_ref idref="fl-15b"/>
      </object_component>
      <object_component id="oc-216">
         <name>.const</name>
         <load_address>0xc7ac</load_address>
         <run_address>0xc7ac</run_address>
         <size>0x8</size>
         <input_file_ref idref="fl-146"/>
      </object_component>
      <object_component id="oc-863">
         <name>.cinit..data.load</name>
         <load_address>0x142f8</load_address>
         <run_address>0x142f8</run_address>
         <size>0xdb2</size>
      </object_component>
      <object_component id="oc-861">
         <name>__TI_handler_table</name>
         <load_address>0x150ac</load_address>
         <run_address>0x150ac</run_address>
         <size>0xc</size>
      </object_component>
      <object_component id="oc-864">
         <name>.cinit..bss.load</name>
         <load_address>0x150b8</load_address>
         <run_address>0x150b8</run_address>
         <size>0x8</size>
      </object_component>
      <object_component id="oc-862">
         <name>__TI_cinit_table</name>
         <load_address>0x150c0</load_address>
         <run_address>0x150c0</run_address>
         <size>0x10</size>
      </object_component>
      <object_component id="oc-29">
         <name>.stack</name>
         <uninitialized>true</uninitialized>
         <run_address>0x2001b284</run_address>
         <size>0x0</size>
         <input_file_ref idref="fl-130"/>
      </object_component>
      <object_component id="oc-865">
         <name>.stack</name>
         <uninitialized>true</uninitialized>
         <run_address>0x2001b284</run_address>
         <size>0x0</size>
      </object_component>
      <object_component id="oc-d8">
         <name>.bss:g_ui32DstBuf</name>
         <uninitialized>true</uninitialized>
         <run_address>0x20015000</run_address>
         <size>0x1000</size>
         <input_file_ref idref="fl-2"/>
      </object_component>
      <object_component id="oc-db">
         <name>.bss:g_ui32DstBuf2</name>
         <uninitialized>true</uninitialized>
         <run_address>0x20014000</run_address>
         <size>0x1000</size>
         <input_file_ref idref="fl-2"/>
      </object_component>
      <object_component id="oc-364">
         <name>.bss:values</name>
         <uninitialized>true</uninitialized>
         <run_address>0x2000a000</run_address>
         <size>0xa000</size>
         <input_file_ref idref="fl-2"/>
      </object_component>
      <object_component id="oc-367">
         <name>.bss:values2</name>
         <uninitialized>true</uninitialized>
         <run_address>0x20000000</run_address>
         <size>0xa000</size>
         <input_file_ref idref="fl-2"/>
      </object_component>
      <object_component id="oc-1d4">
         <name>.bss:inputs</name>
         <uninitialized>true</uninitialized>
         <run_address>0x20017000</run_address>
         <size>0x1000</size>
         <input_file_ref idref="fl-2"/>
      </object_component>
      <object_component id="oc-1d7">
         <name>.bss:inputs2</name>
         <uninitialized>true</uninitialized>
         <run_address>0x20016000</run_address>
         <size>0x1000</size>
         <input_file_ref idref="fl-2"/>
      </object_component>
      <object_component id="oc-cf">
         <name>.bss:pui8ControlTable</name>
         <uninitialized>true</uninitialized>
         <run_address>0x20018c00</run_address>
         <size>0x400</size>
         <input_file_ref idref="fl-2"/>
      </object_component>
      <object_component id="oc-2ea">
         <name>.bss:totalsA</name>
         <uninitialized>true</uninitialized>
         <run_address>0x20018000</run_address>
         <size>0x4fc</size>
         <input_file_ref idref="fl-2"/>
      </object_component>
      <object_component id="oc-2ed">
         <name>.bss:totalsB</name>
         <uninitialized>true</uninitialized>
         <run_address>0x200184fc</run_address>
         <size>0x4fc</size>
         <input_file_ref idref="fl-2"/>
      </object_component>
      <object_component id="oc-516">
         <name>.bss:t1</name>
         <uninitialized>true</uninitialized>
         <run_address>0x20019a00</run_address>
         <size>0x280</size>
         <input_file_ref idref="fl-2"/>
      </object_component>
      <object_component id="oc-513">
         <name>.bss:t2</name>
         <uninitialized>true</uninitialized>
         <run_address>0x20019c80</run_address>
         <size>0x280</size>
         <input_file_ref idref="fl-2"/>
      </object_component>
      <object_component id="oc-302">
         <name>.bss:Freq1</name>
         <uninitialized>true</uninitialized>
         <run_address>0x20019f8c</run_address>
         <size>0x28</size>
         <input_file_ref idref="fl-2"/>
      </object_component>
      <object_component id="oc-2ff">
         <name>.bss:Freq2</name>
         <uninitialized>true</uninitialized>
         <run_address>0x20019fb4</run_address>
         <size>0x28</size>
         <input_file_ref idref="fl-2"/>
      </object_component>
      <object_component id="oc-35a">
         <name>.bss:receive</name>
         <uninitialized>true</uninitialized>
         <run_address>0x20019f00</run_address>
         <size>0x60</size>
         <input_file_ref idref="fl-2"/>
      </object_component>
      <object_component id="oc-2f0">
         <name>.bss:old1</name>
         <uninitialized>true</uninitialized>
         <run_address>0x20019000</run_address>
         <size>0x280</size>
         <input_file_ref idref="fl-2"/>
      </object_component>
      <object_component id="oc-2f3">
         <name>.bss:old2</name>
         <uninitialized>true</uninitialized>
         <run_address>0x20019280</run_address>
         <size>0x280</size>
         <input_file_ref idref="fl-2"/>
      </object_component>
      <object_component id="oc-36e">
         <name>.bss:pixels</name>
         <uninitialized>true</uninitialized>
         <run_address>0x20019780</run_address>
         <size>0x280</size>
         <input_file_ref idref="fl-2"/>
      </object_component>
      <object_component id="oc-36b">
         <name>.bss:pixels2</name>
         <uninitialized>true</uninitialized>
         <run_address>0x20019500</run_address>
         <size>0x280</size>
         <input_file_ref idref="fl-2"/>
      </object_component>
      <object_component id="oc-2f6">
         <name>.bss:mvpixel</name>
         <uninitialized>true</uninitialized>
         <run_address>0x20018bac</run_address>
         <size>0x38</size>
         <input_file_ref idref="fl-2"/>
      </object_component>
      <object_component id="oc-2fb">
         <name>.bss:secpixel</name>
         <uninitialized>true</uninitialized>
         <run_address>0x20018b38</run_address>
         <size>0x74</size>
         <input_file_ref idref="fl-2"/>
      </object_component>
      <object_component id="oc-1b6">
         <name>.bss:sContext</name>
         <uninitialized>true</uninitialized>
         <run_address>0x20019f60</run_address>
         <size>0x2c</size>
         <input_file_ref idref="fl-2"/>
      </object_component>
      <object_component id="oc-2a3">
         <name>.bss:g_psMQ</name>
         <uninitialized>true</uninitialized>
         <run_address>0x200189f8</run_address>
         <size>0x140</size>
         <input_file_ref idref="fl-154"/>
      </object_component>
      <object_component id="oc-49b">
         <name>.bss</name>
         <uninitialized>true</uninitialized>
         <run_address>0x20019fdc</run_address>
         <size>0x20</size>
         <input_file_ref idref="fl-15a"/>
      </object_component>
      <object_component id="oc-235">
         <name>.bss</name>
         <uninitialized>true</uninitialized>
         <run_address>0x2001a030</run_address>
         <size>0x4</size>
         <input_file_ref idref="fl-15b"/>
      </object_component>
      <object_component id="oc-1b2">
         <name>.common:ui32SysClkFreq</name>
         <uninitialized>true</uninitialized>
         <run_address>0x2001a06c</run_address>
         <size>0x4</size>
      </object_component>
      <object_component id="oc-363">
         <name>.common:totalA</name>
         <uninitialized>true</uninitialized>
         <run_address>0x2001a080</run_address>
         <size>0x2</size>
      </object_component>
      <object_component id="oc-36a">
         <name>.common:totalB</name>
         <uninitialized>true</uninitialized>
         <run_address>0x2001a082</run_address>
         <size>0x2</size>
      </object_component>
[...]
      </symbol>
      <symbol id="sm-a26">
         <name>__aeabi_memcpy</name>
         <value>0x128dd</value>
         <object_component_ref idref="oc-51"/>
      </symbol>
      <symbol id="sm-a27">
         <name>__aeabi_memcpy8</name>
         <value>0x128dd</value>
         <object_component_ref idref="oc-51"/>
      </symbol>
      <symbol id="sm-a28">
         <name>__aeabi_memcpy4</name>
         <value>0x128dd</value>
         <object_component_ref idref="oc-51"/>
      </symbol>
      <symbol id="sm-a37">
         <name>__aeabi_memset</name>
         <value>0x12e1b</value>
         <object_component_ref idref="oc-6a"/>
      </symbol>
      <symbol id="sm-a38">
         <name>memset</name>
         <value>0x12e21</value>
         <object_component_ref idref="oc-6a"/>
      </symbol>
      <symbol id="sm-a39">
         <name>__aeabi_memset8</name>
         <value>0x12e1b</value>
         <object_component_ref idref="oc-6a"/>
      </symbol>
      <symbol id="sm-a3a">
         <name>__aeabi_memset4</name>
         <value>0x12e1b</value>
         <object_component_ref idref="oc-6a"/>
      </symbol>
      <symbol id="sm-a3b">
         <name>__aeabi_memclr8</name>
         <value>0x12e19</value>
         <object_component_ref idref="oc-6a"/>
      </symbol>
      <symbol id="sm-a3c">
         <name>__aeabi_memclr4</name>
         <value>0x12e19</value>
         <object_component_ref idref="oc-6a"/>
      </symbol>
      <symbol id="sm-a3d">
         <name>__aeabi_memclr</name>
         <value>0x12e19</value>
         <object_component_ref idref="oc-6a"/>
      </symbol>
      <symbol id="sm-a47">
         <name>_system_pre_init</name>
         <value>0x142f5</value>
         <object_component_ref idref="oc-76"/>
      </symbol>
      <symbol id="sm-a4f">
         <name>main_func_sp</name>
         <value>0x2001b27c</value>
         <object_component_ref idref="oc-8e"/>
      </symbol>
      <symbol id="sm-a5f">
         <name>__aeabi_ui2d</name>
         <value>0x13f07</value>
         <object_component_ref idref="oc-4ff"/>
      </symbol>
      <symbol id="sm-a89">
         <name>__aeabi_uldivmod</name>
         <value>0xffd3</value>
         <object_component_ref idref="oc-519"/>
      </symbol>
      <symbol id="sm-aa2">
         <name>_nop</name>
         <value>0x14103</value>
         <object_component_ref idref="oc-1e2"/>
      </symbol>
      <symbol id="sm-aa3">
         <name>_lock</name>
         <value>0x2001b26c</value>
         <object_component_ref idref="oc-10f"/>
      </symbol>
      <symbol id="sm-aa4">
         <name>_unlock</name>
         <value>0x2001b270</value>
         <object_component_ref idref="oc-10f"/>
      </symbol>
      <symbol id="sm-aa5">
         <name>_register_lock</name>
         <value>0x140fb</value>
         <object_component_ref idref="oc-1e2"/>
      </symbol>
      <symbol id="sm-aa6">
         <name>_register_unlock</name>
         <value>0x140f5</value>
         <object_component_ref idref="oc-1e2"/>
      </symbol>
      <symbol id="sm-abb">
         <name>_args_main</name>
         <value>0x14049</value>
         <object_component_ref idref="oc-82"/>
      </symbol>
      <symbol id="sm-ae1">
         <name>__TI_auto_init</name>
         <value>0x13125</value>
         <object_component_ref idref="oc-7c"/>
      </symbol>
      <symbol id="sm-afb">
         <name>copy_in</name>
         <value>0x13775</value>
         <object_component_ref idref="oc-ff"/>
      </symbol>
      <symbol id="sm-b78">
         <name>uDMAChannelControlSet</name>
         <value>0x13e7d</value>
         <object_component_ref idref="oc-4c4"/>
      </symbol>
      <symbol id="sm-b79">
         <name>uDMAIntClear</name>
         <value>0x14281</value>
         <object_component_ref idref="oc-a8"/>
      </symbol>
      <symbol id="sm-b7a">
         <name>uDMAChannelAttributeEnable</name>
         <value>0x138e5</value>
         <object_component_ref idref="oc-4be"/>
      </symbol>
      <symbol id="sm-b7b">
         <name>uDMAChannelTransferSet</name>
         <value>0x12d1d</value>
         <object_component_ref idref="oc-b4"/>
      </symbol>
      <symbol id="sm-b7c">
         <name>uDMAChannelAssign</name>
         <value>0x13d11</value>
         <object_component_ref idref="oc-2ca"/>
      </symbol>
      <symbol id="sm-b7d">
         <name>uDMAEnable</name>
         <value>0x141c9</value>
         <object_component_ref idref="oc-2be"/>
      </symbol>
      <symbol id="sm-b7e">
         <name>uDMAControlBaseSet</name>
         <value>0x14275</value>
         <object_component_ref idref="oc-2c4"/>
      </symbol>
      <symbol id="sm-b7f">
         <name>uDMAChannelAttributeDisable</name>
         <value>0x1389d</value>
         <object_component_ref idref="oc-4b8"/>
      </symbol>
      <symbol id="sm-b80">
         <name>uDMAChannelEnable</name>
         <value>0x14061</value>
         <object_component_ref idref="oc-ba"/>
      </symbol>
      <symbol id="sm-bb2">
         <name>TimerLoadSet</name>
         <value>0x14175</value>
         <object_component_ref idref="oc-270"/>
      </symbol>
      <symbol id="sm-bb3">
         <name>TimerEnable</name>
         <value>0x14203</value>
         <object_component_ref idref="oc-27c"/>
      </symbol>
      <symbol id="sm-bb4">
         <name>TimerControlTrigger</name>
         <value>0x13629</value>
         <object_component_ref idref="oc-276"/>
      </symbol>
      <symbol id="sm-bb5">
         <name>TimerConfigure</name>
         <value>0x1351d</value>
         <object_component_ref idref="oc-26a"/>
      </symbol>
      <symbol id="sm-c4b">
         <name>SysCtlGPIOAHBEnable</name>
         <value>0x13f65</value>
         <object_component_ref idref="oc-42f"/>
      </symbol>
      <symbol id="sm-c4c">
         <name>SysCtlDelay</name>
         <value>0x142cf</value>
         <object_component_ref idref="oc-18d"/>
      </symbol>
      <symbol id="sm-c4d">
         <name>SysCtlPeripheralEnable</name>
         <value>0x13c15</value>
         <object_component_ref idref="oc-21b"/>
      </symbol>
      <symbol id="sm-c4e">
         <name>SysCtlPWMClockSet</name>
         <value>0x140cd</value>
         <object_component_ref idref="oc-317"/>
      </symbol>
      <symbol id="sm-c4f">
         <name>SysCtlPeripheralSleepEnable</name>
         <value>0x13c49</value>
         <object_component_ref idref="oc-2b8"/>
      </symbol>
      <symbol id="sm-c50">
         <name>SysCtlClockFreqSet</name>
         <value>0xfbdd</value>
         <object_component_ref idref="oc-169"/>
      </symbol>
      <symbol id="sm-c7d">
         <name>PWMGenPeriodSet</name>
         <value>0x141b9</value>
         <object_component_ref idref="oc-323"/>
      </symbol>
      <symbol id="sm-c7e">
         <name>PWMPulseWidthSet</name>
         <value>0x13f45</value>
         <object_component_ref idref="oc-329"/>
      </symbol>
      <symbol id="sm-c7f">
         <name>PWMOutputState</name>
         <value>0x14163</value>
         <object_component_ref idref="oc-335"/>
      </symbol>
      <symbol id="sm-c80">
         <name>PWMGenEnable</name>
         <value>0x14251</value>
         <object_component_ref idref="oc-32f"/>
      </symbol>
      <symbol id="sm-c81">
         <name>PWMGenConfigure</name>
         <value>0x13ec3</value>
         <object_component_ref idref="oc-31d"/>
      </symbol>
      <symbol id="sm-caf">
         <name>IntEnable</name>
         <value>0x13461</value>
         <object_component_ref idref="oc-258"/>
      </symbol>
      <symbol id="sm-cb0">
         <name>IntMasterEnable</name>
         <value>0x14297</value>
         <object_component_ref idref="oc-311"/>
      </symbol>
      <symbol id="sm-d08">
         <name>GPIOPinTypePWM</name>
         <value>0x1413f</value>
         <object_component_ref idref="oc-30b"/>
      </symbol>
      <symbol id="sm-d09">
         <name>GPIOPinConfigure</name>
         <value>0x1380d</value>
         <object_component_ref idref="oc-2d6"/>
      </symbol>
      <symbol id="sm-d0a">
         <name>GPIOPinTypeGPIOInput</name>
         <value>0x1412d</value>
         <object_component_ref idref="oc-2e2"/>
      </symbol>
      <symbol id="sm-d0b">
         <name>GPIOPinTypeGPIOOutput</name>
         <value>0x14019</value>
         <object_component_ref idref="oc-25e"/>
      </symbol>
      <symbol id="sm-d0c">
         <name>GPIODirModeSet</name>
         <value>0x13d3d</value>
         <object_component_ref idref="oc-487"/>
      </symbol>
      <symbol id="sm-d0d">
         <name>GPIOPinWrite</name>
         <value>0x142bd</value>
         <object_component_ref idref="oc-264"/>
      </symbol>
      <symbol id="sm-d0e">
         <name>GPIOPadConfigSet</name>
         <value>0x111a5</value>
         <object_component_ref idref="oc-435"/>
      </symbol>
      <symbol id="sm-d0f">
         <name>GPIOPinTypeEPI</name>
         <value>0x1411b</value>
         <object_component_ref idref="oc-2dc"/>
      </symbol>
      <symbol id="sm-d25">
         <name>FPULazyStackingEnable</name>
         <value>0x141a9</value>
         <object_component_ref idref="oc-2ac"/>
      </symbol>
      <symbol id="sm-d26">
         <name>FPUEnable</name>
         <value>0x14199</value>
         <object_component_ref idref="oc-2b2"/>
      </symbol>
      <symbol id="sm-d7b">
         <name>EPIModeSet</name>
         <value>0x142e9</value>
         <object_component_ref idref="oc-305"/>
      </symbol>
      <symbol id="sm-d7c">
         <name>EPIDividerSet</name>
         <value>0x142e5</value>
         <object_component_ref idref="oc-33b"/>
      </symbol>
      <symbol id="sm-d7d">
         <name>EPIIntEnable</name>
         <value>0x14237</value>
         <object_component_ref idref="oc-353"/>
      </symbol>
      <symbol id="sm-d7e">
         <name>EPIIntStatus</name>
         <value>0x141e7</value>
         <object_component_ref idref="oc-a2"/>
      </symbol>
      <symbol id="sm-d7f">
         <name>EPIFIFOConfig</name>
         <value>0x142b1</value>
         <object_component_ref idref="oc-34d"/>
      </symbol>
      <symbol id="sm-d80">
         <name>EPINonBlockingReadStart</name>
         <value>0x142a1</value>
         <object_component_ref idref="oc-c6"/>
      </symbol>
      <symbol id="sm-d81">
         <name>EPIConfigGPModeSet</name>
         <value>0x1422b</value>
         <object_component_ref idref="oc-347"/>
      </symbol>
      <symbol id="sm-d82">
         <name>EPIAddressMapSet</name>
         <value>0x142e1</value>
         <object_component_ref idref="oc-341"/>
      </symbol>
      <symbol id="sm-d83">
         <name>EPINonBlockingReadConfigure</name>
         <value>0x1428d</value>
         <object_component_ref idref="oc-c0"/>
      </symbol>
      <symbol id="sm-d84">
         <name>EPIIntErrorClear</name>
         <value>0x142b7</value>
         <object_component_ref idref="oc-ae"/>
      </symbol>
      <symbol id="sm-d8e">
         <name>CPUcpsie</name>
         <value>0x1421f</value>
         <object_component_ref idref="oc-4e3"/>
      </symbol>
      <symbol id="sm-dc3">
         <name>ADCSequenceEnable</name>
         <value>0x141d9</value>
         <object_component_ref idref="oc-24c"/>
      </symbol>
      <symbol id="sm-dc4">
         <name>ADCSequenceConfigure</name>
         <value>0x13a85</value>
         <object_component_ref idref="oc-240"/>
      </symbol>
      <symbol id="sm-dc5">
         <name>ADCIntEnable</name>
         <value>0x14187</value>
         <object_component_ref idref="oc-252"/>
      </symbol>
      <symbol id="sm-dc6">
         <name>ADCSequenceStepConfigure</name>
         <value>0x12c1b</value>
         <object_component_ref idref="oc-246"/>
      </symbol>
      <symbol id="sm-dc7">
         <name>ADCHardwareOversampleConfigure</name>
         <value>0x14109</value>
         <object_component_ref idref="oc-23a"/>
      </symbol>
      <symbol id="sm-de8">
         <name>g_sFontCmss14</name>
         <value>0xc43c</value>
         <object_component_ref idref="oc-40a"/>
      </symbol>
      <symbol id="sm-dfa">
         <name>g_sFontCmss12</name>
         <value>0xc374</value>
         <object_component_ref idref="oc-5db"/>
      </symbol>
      <symbol id="sm-e0c">
         <name>g_sFontCm20</name>
         <value>0xc2ac</value>
         <object_component_ref idref="oc-6db"/>
      </symbol>
      <symbol id="sm-e1e">
         <name>g_sFontCm16</name>
         <value>0xc1e4</value>
         <object_component_ref idref="oc-401"/>
      </symbol>
      <symbol id="sm-e30">
         <name>g_sFontCm14</name>
         <value>0xc11c</value>
         <object_component_ref idref="oc-3f2"/>
      </symbol>
      <symbol id="sm-e42">
         <name>g_sFontCm12</name>
         <value>0xc054</value>
         <object_component_ref idref="oc-3e2"/>
      </symbol>
      <symbol id="sm-f34">
         <name>g_sRoot</name>
         <value>0x2001b234</value>
         <object_component_ref idref="oc-1c8"/>
      </symbol>
      <symbol id="sm-f35">
         <name>WidgetMessageQueueAdd</name>
         <value>0x11d81</value>
         <object_component_ref idref="oc-19a"/>
      </symbol>
      <symbol id="sm-f36">
         <name>WidgetMessageSendPostOrder</name>
         <value>0x12781</value>
         <object_component_ref idref="oc-378"/>
      </symbol>
      <symbol id="sm-f37">
         <name>WidgetAdd</name>
         <value>0x13e59</value>
         <object_component_ref idref="oc-194"/>
      </symbol>
      <symbol id="sm-f38">
         <name>WidgetRemove</name>
         <value>0x13729</value>
         <object_component_ref idref="oc-630"/>
      </symbol>
      <symbol id="sm-f39">
         <name>WidgetDefaultMsgProc</name>
         <value>0x142f1</value>
         <object_component_ref idref="oc-3b4"/>
      </symbol>
      <symbol id="sm-f3a">
         <name>WidgetMutexPut</name>
         <value>0x142d5</value>
         <object_component_ref idref="oc-29d"/>
      </symbol>
      <symbol id="sm-f3b">
         <name>WidgetMessageQueueProcess</name>
         <value>0x13399</value>
         <object_component_ref idref="oc-1ac"/>
      </symbol>
      <symbol id="sm-f3c">
         <name>WidgetMutexGet</name>
         <value>0x140e1</value>
         <object_component_ref idref="oc-29c"/>
      </symbol>
      <symbol id="sm-f3d">
         <name>WidgetPointerMessage</name>
         <value>0x13f81</value>
         <object_component_ref idref="oc-1bc"/>
      </symbol>
      <symbol id="sm-f3e">
         <name>WidgetMessageSendPreOrder</name>
         <value>0x13681</value>
         <object_component_ref idref="oc-372"/>
      </symbol>
      <symbol id="sm-f96">
         <name>SliderMsgProc</name>
         <value>0x13ce5</value>
         <object_component_ref idref="oc-6d5"/>
      </symbol>
      <symbol id="sm-fc1">
         <name>GrRectIntersectGet</name>
         <value>0x12b97</value>
         <object_component_ref idref="oc-7ce"/>
      </symbol>
      <symbol id="sm-fc2">
         <name>GrRectFill</name>
         <value>0x12a05</value>
         <object_component_ref idref="oc-292"/>
      </symbol>
      <symbol id="sm-fc3">
         <name>GrRectOverlapCheck</name>
         <value>0x13b3b</value>
         <object_component_ref idref="oc-82e"/>
      </symbol>
      <symbol id="sm-fc4">
         <name>GrRectDraw</name>
         <value>0x132cd</value>
         <object_component_ref idref="oc-60a"/>
      </symbol>
      <symbol id="sm-100a">
         <name>RadioButtonMsgProc</name>
         <value>0x13e35</value>
         <object_component_ref idref="oc-739"/>
      </symbol>
      <symbol id="sm-1042">
         <name>RectangularButtonMsgProc</name>
         <value>0x13ee5</value>
         <object_component_ref idref="oc-3dc"/>
      </symbol>
      <symbol id="sm-10a5">
         <name>GrLineDrawH</name>
         <value>0x1392d</value>
         <object_component_ref idref="oc-667"/>
      </symbol>
      <symbol id="sm-10a6">
         <name>GrLineDrawV</name>
         <value>0x13973</value>
         <object_component_ref idref="oc-66d"/>
      </symbol>
      <symbol id="sm-10a7">
         <name>GrLineDraw</name>
         <value>0x1199d</value>
         <object_component_ref idref="oc-555"/>
      </symbol>
      <symbol id="sm-1195">
         <name>GrImageDraw</name>
         <value>0x141f5</value>
         <object_component_ref idref="oc-187"/>
      </symbol>
      <symbol id="sm-11c4">
         <name>GrContextInit</name>
         <value>0x13335</value>
         <object_component_ref idref="oc-175"/>
      </symbol>
      <symbol id="sm-11c5">
         <name>GrContextClipRegionSet</name>
         <value>0x133fd</value>
         <object_component_ref idref="oc-604"/>
      </symbol>
      <symbol id="sm-11c6">
         <name>g_psDefaultCodePointMapTable</name>
         <value>0xc79c</value>
         <object_component_ref idref="oc-232"/>
      </symbol>
      <symbol id="sm-11e6">
         <name>ContainerMsgProc</name>
         <value>0x140a3</value>
         <object_component_ref idref="oc-6be"/>
      </symbol>
      <symbol id="sm-129d">
         <name>GrCircleFill</name>
         <value>0x10c97</value>
         <object_component_ref idref="oc-55c"/>
      </symbol>
      <symbol id="sm-129e">
         <name>GrCircleDraw</name>
         <value>0xfdd9</value>
         <object_component_ref idref="oc-80f"/>
      </symbol>
      <symbol id="sm-12ab">
         <name>GrMapISO8859_1_Unicode</name>
         <value>0x142a9</value>
         <object_component_ref idref="oc-46b"/>
      </symbol>
      <symbol id="sm-12d1">
         <name>CanvasMsgProc</name>
         <value>0x1408f</value>
         <object_component_ref idref="oc-3c4"/>
      </symbol>
      <symbol id="sm-1404">
         <name>GrFontInfoGet</name>
         <value>0x13e0f</value>
         <object_component_ref idref="oc-451"/>
      </symbol>
      <symbol id="sm-1405">
         <name>GrDefaultStringRenderer</name>
         <value>0x12475</value>
         <object_component_ref idref="oc-22c"/>
      </symbol>
      <symbol id="sm-1406">
         <name>GrFontGlyphRender</name>
         <value>0xf975</value>
         <object_component_ref idref="oc-463"/>
      </symbol>
      <symbol id="sm-1407">
         <name>GrFontHeightGet</name>
         <value>0x13d91</value>
         <object_component_ref idref="oc-61c"/>
      </symbol>
      <symbol id="sm-1408">
         <name>GrContextFontSet</name>
         <value>0x142c3</value>
         <object_component_ref idref="oc-610"/>
      </symbol>
      <symbol id="sm-1409">
         <name>GrFontGlyphDataGet</name>
         <value>0x13ea1</value>
         <object_component_ref idref="oc-45d"/>
      </symbol>
      <symbol id="sm-140a">
         <name>GrStringDraw</name>
         <value>0x14151</value>
         <object_component_ref idref="oc-622"/>
      </symbol>
      <symbol id="sm-140b">
         <name>GrFontCodepageGet</name>
         <value>0x13f27</value>
         <object_component_ref idref="oc-732"/>
      </symbol>
      <symbol id="sm-140c">
         <name>GrStringNextCharGet</name>
         <value>0x13dbb</value>
         <object_component_ref idref="oc-457"/>
      </symbol>
      <symbol id="sm-140d">
         <name>GrStringWidthGet</name>
         <value>0x13191</value>
         <object_component_ref idref="oc-616"/>
      </symbol>
      <symbol id="sm-140e">
         <name>GrFontBaselineGet</name>
         <value>0x13d67</value>
         <object_component_ref idref="oc-677"/>
      </symbol>
      <symbol id="sm-140f">
         <name>__TI_static_base__</name>
         <value>0x0</value>
      </symbol>
      <symbol id="sm-1412">
         <name>SHT$$INIT_ARRAY$$Limit</name>
         <value>0x0</value>
      </symbol>
      <symbol id="sm-1413">
         <name>SHT$$INIT_ARRAY$$Base</name>
         <value>0x0</value>
      </symbol>
   </symbol_table>
   <title>Link successful</title>
</link_info>
